Component: ARM Compiler 5.06 update 7 (build 960) Tool: armlink [4d3601]

==============================================================================

Section Cross References

    onboardleds.o(i.FlashAllLEDs) refers to systick.o(i.SysTick_Wait10ms) for SysTick_Wait10ms
    onboardleds.o(i.FlashI2CError) refers to onboardleds.o(i.FlashAllLEDs) for FlashAllLEDs
    onboardleds.o(i.FlashI2CRx) refers to onboardleds.o(i.FlashLED2) for FlashLED2
    onboardleds.o(i.FlashI2CTx) refers to onboardleds.o(i.FlashLED1) for FlashLED1
    onboardleds.o(i.FlashLED1) refers to systick.o(i.SysTick_Wait10ms) for SysTick_Wait10ms
    onboardleds.o(i.FlashLED2) refers to systick.o(i.SysTick_Wait10ms) for SysTick_Wait10ms
    onboardleds.o(i.FlashLED3) refers to systick.o(i.SysTick_Wait10ms) for SysTick_Wait10ms
    onboardleds.o(i.FlashLED4) refers to systick.o(i.SysTick_Wait10ms) for SysTick_Wait10ms
    onboardleds.o(i.onboardLEDs_Init) refers to onboardleds.o(i.FlashAllLEDs) for FlashAllLEDs
    systick.o(i.SysTick_Wait10ms) refers to systick.o(i.SysTick_Wait) for SysTick_Wait
    uart.o(i.Status_Check) refers to _printf_percent.o(.ARM.Collect$$_printf_percent$$00000000) for _printf_percent
    uart.o(i.Status_Check) refers to _printf_d.o(.ARM.Collect$$_printf_percent$$00000009) for _printf_d
    uart.o(i.Status_Check) refers to _printf_dec.o(.text) for _printf_int_dec
    uart.o(i.Status_Check) refers to uart.o(i.UART_printf) for UART_printf
    uart.o(i.Status_Check) refers to noretval__2sprintf.o(.text) for __2sprintf
    uart.o(i.Status_Check) refers to uart.o(.bss) for printf_buffer
    uart.o(i.UART_printf) refers to uart.o(i.UART_OutChar) for UART_OutChar
    2dx_2022_studio_9_e2.o(i.VL53L1X_XSHUT) refers to onboardleds.o(i.FlashAllLEDs) for FlashAllLEDs
    2dx_2022_studio_9_e2.o(i.VL53L1X_XSHUT) refers to systick.o(i.SysTick_Wait10ms) for SysTick_Wait10ms
    2dx_2022_studio_9_e2.o(i.getValues) refers to vl53l1x_api.o(i.VL53L1X_CheckForDataReady) for VL53L1X_CheckForDataReady
    2dx_2022_studio_9_e2.o(i.getValues) refers to vl53l1_platform_2dx4.o(i.VL53L1_WaitMs) for VL53L1_WaitMs
    2dx_2022_studio_9_e2.o(i.getValues) refers to vl53l1x_api.o(i.VL53L1X_GetDistance) for VL53L1X_GetDistance
    2dx_2022_studio_9_e2.o(i.getValues) refers to vl53l1x_api.o(i.VL53L1X_ClearInterrupt) for VL53L1X_ClearInterrupt
    2dx_2022_studio_9_e2.o(i.getValues) refers to dflt_clz.o(x$fpl$dfltu) for __aeabi_ui2d
    2dx_2022_studio_9_e2.o(i.main) refers to _printf_percent.o(.ARM.Collect$$_printf_percent$$00000000) for _printf_percent
    2dx_2022_studio_9_e2.o(i.main) refers to _printf_d.o(.ARM.Collect$$_printf_percent$$00000009) for _printf_d
    2dx_2022_studio_9_e2.o(i.main) refers to _printf_f.o(.ARM.Collect$$_printf_percent$$00000003) for _printf_f
    2dx_2022_studio_9_e2.o(i.main) refers to _printf_dec.o(.text) for _printf_int_dec
    2dx_2022_studio_9_e2.o(i.main) refers to printf1.o(x$fpl$printf1) for _printf_fp_dec
    2dx_2022_studio_9_e2.o(i.main) refers to pll.o(i.PLL_Init) for PLL_Init
    2dx_2022_studio_9_e2.o(i.main) refers to systick.o(i.SysTick_Init) for SysTick_Init
    2dx_2022_studio_9_e2.o(i.main) refers to onboardleds.o(i.onboardLEDs_Init) for onboardLEDs_Init
    2dx_2022_studio_9_e2.o(i.main) refers to 2dx_2022_studio_9_e2.o(i.I2C_Init) for I2C_Init
    2dx_2022_studio_9_e2.o(i.main) refers to uart.o(i.UART_Init) for UART_Init
    2dx_2022_studio_9_e2.o(i.main) refers to 2dx_2022_studio_9_e2.o(i.PortH0H1H2H3_Init) for PortH0H1H2H3_Init
    2dx_2022_studio_9_e2.o(i.main) refers to 2dx_2022_studio_9_e2.o(i.PortM0_Init) for PortM0_Init
    2dx_2022_studio_9_e2.o(i.main) refers to vl53l1x_api.o(i.VL53L1X_GetSensorId) for VL53L1X_GetSensorId
    2dx_2022_studio_9_e2.o(i.main) refers to vl53l1x_api.o(i.VL53L1X_BootState) for VL53L1X_BootState
    2dx_2022_studio_9_e2.o(i.main) refers to systick.o(i.SysTick_Wait10ms) for SysTick_Wait10ms
    2dx_2022_studio_9_e2.o(i.main) refers to onboardleds.o(i.FlashAllLEDs) for FlashAllLEDs
    2dx_2022_studio_9_e2.o(i.main) refers to vl53l1x_api.o(i.VL53L1X_ClearInterrupt) for VL53L1X_ClearInterrupt
    2dx_2022_studio_9_e2.o(i.main) refers to vl53l1x_api.o(i.VL53L1X_SensorInit) for VL53L1X_SensorInit
    2dx_2022_studio_9_e2.o(i.main) refers to uart.o(i.Status_Check) for Status_Check
    2dx_2022_studio_9_e2.o(i.main) refers to vl53l1x_api.o(i.VL53L1X_SetDistanceMode) for VL53L1X_SetDistanceMode
    2dx_2022_studio_9_e2.o(i.main) refers to vl53l1x_api.o(i.VL53L1X_StartRanging) for VL53L1X_StartRanging
    2dx_2022_studio_9_e2.o(i.main) refers to uart.o(i.UART_InChar) for UART_InChar
    2dx_2022_studio_9_e2.o(i.main) refers to 2dx_2022_studio_9_e2.o(i.getValues) for getValues
    2dx_2022_studio_9_e2.o(i.main) refers to noretval__2sprintf.o(.text) for __2sprintf
    2dx_2022_studio_9_e2.o(i.main) refers to uart.o(i.UART_printf) for UART_printf
    2dx_2022_studio_9_e2.o(i.main) refers to daddsub_clz.o(x$fpl$dadd) for __aeabi_dadd
[...]
    rtexit.o(.ARM.Collect$$rtexit$$00000000) refers (Special) to rtexit2.o(.ARM.Collect$$rtexit$$00000002) for __rt_exit_prels_1
    rtexit.o(.ARM.exidx) refers (Special) to rtexit2.o(.ARM.Collect$$rtexit$$00000004) for __rt_exit_exit
    rtexit.o(.ARM.exidx) refers (Special) to rtexit2.o(.ARM.Collect$$rtexit$$00000003) for __rt_exit_ls
    rtexit.o(.ARM.exidx) refers (Special) to rtexit2.o(.ARM.Collect$$rtexit$$00000002) for __rt_exit_prels_1
    rtexit.o(.ARM.exidx) refers to rtexit.o(.ARM.Collect$$rtexit$$00000000) for .ARM.Collect$$rtexit$$00000000
    argv_veneer.o(.emb_text) refers to no_argv.o(.text) for __ARM_get_argv
    rtexit2.o(.ARM.Collect$$rtexit$$00000003) refers to libshutdown.o(.ARM.Collect$$libshutdown$$00000000) for __rt_lib_shutdown
    rtexit2.o(.ARM.Collect$$rtexit$$00000004) refers to sys_exit.o(.text) for _sys_exit
    rtexit2.o(.ARM.exidx) refers to rtexit2.o(.ARM.Collect$$rtexit$$00000001) for .ARM.Collect$$rtexit$$00000001
    rtexit2.o(.ARM.exidx) refers to rtexit2.o(.ARM.Collect$$rtexit$$00000003) for .ARM.Collect$$rtexit$$00000003
    rtexit2.o(.ARM.exidx) refers to rtexit2.o(.ARM.Collect$$rtexit$$00000004) for .ARM.Collect$$rtexit$$00000004
    _get_argv_nomalloc.o(.text) refers (Special) to hrguard.o(.text) for __heap_region$guard
    _get_argv_nomalloc.o(.text) refers to defsig_rtmem_outer.o(.text) for __rt_SIGRTMEM
    _get_argv_nomalloc.o(.text) refers to sys_command.o(.text) for _sys_command_string
    sys_command.o(.text) refers (Special) to use_no_semi.o(.text) for __I$use$semihosting
    sys_command.o(.text) refers (Special) to indicate_semi.o(.text) for __semihosting_library_function
    sys_exit.o(.text) refers (Special) to use_no_semi.o(.text) for __I$use$semihosting
    sys_exit.o(.text) refers (Special) to indicate_semi.o(.text) for __semihosting_library_function
    defsig_rtmem_outer.o(.text) refers to defsig_rtmem_inner.o(.text) for __rt_SIGRTMEM_inner
    defsig_rtmem_outer.o(.text) refers to defsig_exit.o(.text) for __sig_exit
    defsig_rtmem_formal.o(.text) refers to rt_raise.o(.text) for __rt_raise
    libshutdown.o(.ARM.Collect$$libshutdown$$00000000) refers (Special) to libshutdown2.o(.ARM.Collect$$libshutdown$$00000004) for __rt_lib_shutdown_cpp_1
    libshutdown.o(.ARM.Collect$$libshutdown$$00000000) refers (Special) to libshutdown2.o(.ARM.Collect$$libshutdown$$00000002) for __rt_lib_shutdown_fini_1
    libshutdown.o(.ARM.Collect$$libshutdown$$00000000) refers (Special) to libshutdown2.o(.ARM.Collect$$libshutdown$$00000009) for __rt_lib_shutdown_fp_trap_1
    libshutdown.o(.ARM.Collect$$libshutdown$$00000000) refers (Special) to libshutdown2.o(.ARM.Collect$$libshutdown$$00000011) for __rt_lib_shutdown_heap_1
    libshutdown.o(.ARM.Collect$$libshutdown$$00000000) refers (Special) to libshutdown2.o(.ARM.Collect$$libshutdown$$00000012) for __rt_lib_shutdown_return
    libshutdown.o(.ARM.Collect$$libshutdown$$00000000) refers (Special) to libshutdown2.o(.ARM.Collect$$libshutdown$$0000000C) for __rt_lib_shutdown_signal_1
    libshutdown.o(.ARM.Collect$$libshutdown$$00000000) refers (Special) to libshutdown2.o(.ARM.Collect$$libshutdown$$00000006) for __rt_lib_shutdown_stdio_1
    libshutdown.o(.ARM.Collect$$libshutdown$$00000000) refers (Special) to libshutdown2.o(.ARM.Collect$$libshutdown$$0000000E) for __rt_lib_shutdown_user_alloc_1
    rt_raise.o(.text) refers to __raise.o(.text) for __raise
    rt_raise.o(.text) refers to sys_exit.o(.text) for _sys_exit
    defsig_exit.o(.text) refers to sys_exit.o(.text) for _sys_exit
    defsig_rtmem_inner.o(.text) refers to defsig_general.o(.text) for __default_signal_display
    __raise.o(.text) refers to defsig.o(CL$$defsig) for __default_signal_handler
    defsig_general.o(.text) refers to sys_wrch.o(.text) for _ttywrch
    sys_wrch.o(.text) refers (Special) to use_no_semi.o(.text) for __I$use$semihosting
    sys_wrch.o(.text) refers (Special) to indicate_semi.o(.text) for __semihosting_library_function
    defsig.o(CL$$defsig) refers to defsig_rtmem_inner.o(.text) for __rt_SIGRTMEM_inner
    defsig_abrt_inner.o(.text) refers to defsig_general.o(.text) for __default_signal_display
    defsig_fpe_inner.o(.text) refers to defsig_general.o(.text) for __default_signal_display
    defsig_rtred_inner.o(.text) refers to defsig_general.o(.text) for __default_signal_display
    defsig_stak_inner.o(.text) refers to defsig_general.o(.text) for __default_signal_display
    defsig_pvfn_inner.o(.text) refers to defsig_general.o(.text) for __default_signal_display
    defsig_cppl_inner.o(.text) refers to defsig_general.o(.text) for __default_signal_display
    defsig_segv_inner.o(.text) refers to defsig_general.o(.text) for __default_signal_display
    defsig_other.o(.text) refers to defsig_general.o(.text) for __default_signal_display


==============================================================================

Removing Unused input sections from the image.

    Removing onboardleds.o(i.FlashLED4), (68 bytes).
    Removing 2dx_2022_studio_9_e2.o(i.PortG_Init), (100 bytes).
    Removing 2dx_2022_studio_9_e2.o(i.VL53L1X_XSHUT), (60 bytes).
    Removing vl53l1_platform_2dx4.o(i.VL53L1_RdDWord), (86 bytes).
    Removing vl53l1_platform_2dx4.o(i.VL53L1_ReadMulti), (58 bytes).
    Removing vl53l1_platform_2dx4.o(i.VL53L1_WrDWord), (30 bytes).
    Removing vl53l1_platform_2dx4.o(i.VL53L1_WriteMulti), (38 bytes).
    Removing vl53l1_platform_2dx4.o(.bss), (256 bytes).
    Removing vl53l1x_api.o(i.VL53L1X_GetAmbientPerSpad), (120 bytes).
    Removing vl53l1x_api.o(i.VL53L1X_GetAmbientRate), (38 bytes).
    Removing vl53l1x_api.o(i.VL53L1X_GetDistanceThresholdHigh), (30 bytes).
    Removing vl53l1x_api.o(i.VL53L1X_GetDistanceThresholdLow), (30 bytes).
    Removing vl53l1x_api.o(i.VL53L1X_GetDistanceThresholdWindow), (34 bytes).
    Removing vl53l1x_api.o(i.VL53L1X_GetInterMeasurementInMs), (128 bytes).
    Removing vl53l1x_api.o(i.VL53L1X_GetOffset), (54 bytes).
    Removing vl53l1x_api.o(i.VL53L1X_GetROICenter), (30 bytes).
    Removing vl53l1x_api.o(i.VL53L1X_GetROI_XY), (50 bytes).
    Removing vl53l1x_api.o(i.VL53L1X_GetRangeStatus), (60 bytes).
    Removing vl53l1x_api.o(i.VL53L1X_GetResult), (120 bytes).
    Removing vl53l1x_api.o(i.VL53L1X_GetSWVersion), (18 bytes).
    Removing vl53l1x_api.o(i.VL53L1X_GetSigmaThreshold), (32 bytes).
    Removing vl53l1x_api.o(i.VL53L1X_GetSignalPerSpad), (120 bytes).
    Removing vl53l1x_api.o(i.VL53L1X_GetSignalRate), (38 bytes).
    Removing vl53l1x_api.o(i.VL53L1X_GetSignalThreshold), (38 bytes).
    Removing vl53l1x_api.o(i.VL53L1X_GetSpadNb), (32 bytes).
    Removing vl53l1x_api.o(i.VL53L1X_GetXtalk), (38 bytes).
    Removing vl53l1x_api.o(i.VL53L1X_SetDistanceThreshold), (130 bytes).
    Removing vl53l1x_api.o(i.VL53L1X_SetI2CAddress), (24 bytes).
    Removing vl53l1x_api.o(i.VL53L1X_SetInterMeasurementInMs), (104 bytes).
    Removing vl53l1x_api.o(i.VL53L1X_SetInterruptPolarity), (60 bytes).
    Removing vl53l1x_api.o(i.VL53L1X_SetOffset), (50 bytes).
    Removing vl53l1x_api.o(i.VL53L1X_SetROI), (86 bytes).
    Removing vl53l1x_api.o(i.VL53L1X_SetROICenter), (24 bytes).
    Removing vl53l1x_api.o(i.VL53L1X_SetSigmaThreshold), (40 bytes).
    Removing vl53l1x_api.o(i.VL53L1X_SetSignalThreshold), (22 bytes).
    Removing vl53l1x_api.o(i.VL53L1X_SetXtalk), (64 bytes).
    Removing vl53l1x_api.o(i.VL53L1X_StartTemperatureUpdate), (110 bytes).
    Removing vl53l1x_api.o(.bss), (1023 bytes).
    Removing system_msp432e401y.o(.rev16_text), (4 bytes).
    Removing system_msp432e401y.o(.revsh_text), (4 bytes).
    Removing system_msp432e401y.o(.rrx_text), (6 bytes).
    Removing system_msp432e401y.o(i.SystemCoreClockUpdate), (240 bytes).

42 unused section(s) (total 3697 bytes) removed from the image.

==============================================================================

Image Symbol Table

    Local Symbols

    Symbol Name                              Value     Ov Type        Size  Object(Section)

    RESET                                    0x00000000   Section      508  startup_msp432e401y_uvision.o(RESET)
    ../clib/angel/boardlib.s                 0x00000000   Number         0  boardshut.o ABSOLUTE
    ../clib/angel/boardlib.s                 0x00000000   Number         0  boardinit1.o ABSOLUTE
    ../clib/angel/boardlib.s                 0x00000000   Number         0  boardinit2.o ABSOLUTE
    ../clib/angel/boardlib.s                 0x00000000   Number         0  boardinit3.o ABSOLUTE
    ../clib/angel/handlers.s                 0x00000000   Number         0  __scatter_copy.o ABSOLUTE
    ../clib/angel/handlers.s                 0x00000000   Number         0  __scatter_zi.o ABSOLUTE
    ../clib/angel/kernel.s                   0x00000000   Number         0  __rtentry.o ABSOLUTE
    ../clib/angel/kernel.s                   0x00000000   Number         0  rtexit.o ABSOLUTE
    ../clib/angel/kernel.s                   0x00000000   Number         0  __rtentry2.o ABSOLUTE
    ../clib/angel/kernel.s                   0x00000000   Number         0  __rtentry4.o ABSOLUTE
    ../clib/angel/kernel.s                   0x00000000   Number         0  rtexit2.o ABSOLUTE
    ../clib/angel/rt.s                       0x00000000   Number         0  rt_raise.o ABSOLUTE
    ../clib/angel/rt.s                       0x00000000   Number         0  rt_locale.o ABSOLUTE
    ../clib/angel/rt.s                       0x00000000   Number         0  rt_locale_intlibspace.o ABSOLUTE
    ../clib/angel/scatter.s                  0x00000000   Number         0  __scatter.o ABSOLUTE
    ../clib/angel/startup.s                  0x00000000   Number         0  __main.o ABSOLUTE
    ../clib/angel/sys.s                      0x00000000   Number         0  use_no_semi.o ABSOLUTE
    ../clib/angel/sys.s                      0x00000000   Number         0  libspace.o ABSOLUTE
    ../clib/angel/sys.s                      0x00000000   Number         0  sys_stackheap_outer.o ABSOLUTE
    ../clib/angel/sys.s                      0x00000000   Number         0  indicate_semi.o ABSOLUTE
    ../clib/angel/sysapp.c                   0x00000000   Number         0  sys_wrch.o ABSOLUTE
    ../clib/angel/sysapp.c                   0x00000000   Number         0  sys_command.o ABSOLUTE
    ../clib/angel/sysapp.c                   0x00000000   Number         0  sys_exit.o ABSOLUTE
    ../clib/armsys.c                         0x00000000   Number         0  _get_argv_nomalloc.o ABSOLUTE
    ../clib/armsys.c                         0x00000000   Number         0  argv_veneer.o ABSOLUTE
    ../clib/armsys.c                         0x00000000   Number         0  no_argv.o ABSOLUTE
    ../clib/armsys.c                         0x00000000   Number         0  argv_veneer.o ABSOLUTE
    ../clib/bigflt.c                         0x00000000   Number         0  bigflt0.o ABSOLUTE
    ../clib/btod.s                           0x00000000   Number         0  btod.o ABSOLUTE
    ../clib/heapalloc.c                      0x00000000   Number         0  hrguard.o ABSOLUTE
    ../clib/heapaux.c                        0x00000000   Number         0  heapauxi.o ABSOLUTE
    ../clib/libinit.s                        0x00000000   Number         0  libshutdown.o ABSOLUTE
    ../clib/libinit.s                        0x00000000   Number         0  libshutdown2.o ABSOLUTE
    ../clib/libinit.s                        0x00000000   Number         0  libinit.o ABSOLUTE
    ../clib/libinit.s                        0x00000000   Number         0  libinit2.o ABSOLUTE
    ../clib/locale.s                         0x00000000   Number         0  lc_numeric_c.o ABSOLUTE
    ../clib/longlong.s                       0x00000000   Number         0  lludiv10.o ABSOLUTE
    ../clib/memcpset.s                       0x00000000   Number         0  strcmpv7m.o ABSOLUTE
    ../clib/printf.c                         0x00000000   Number         0  _printf_intcommon.o ABSOLUTE
    ../clib/printf.c                         0x00000000   Number         0  _printf_fp_dec.o ABSOLUTE
    ../clib/printf.c                         0x00000000   Number         0  _printf_fp_infnan.o ABSOLUTE
    ../clib/printf.c                         0x00000000   Number         0  _sputc.o ABSOLUTE
    ../clib/printf.c                         0x00000000   Number         0  __printf_nopercent.o ABSOLUTE
    ../clib/printf.c                         0x00000000   Number         0  _printf_char_common.o ABSOLUTE
    ../clib/printf.c                         0x00000000   Number         0  __printf_flags_ss_wp.o ABSOLUTE
    ../clib/printf.c                         0x00000000   Number         0  __printf_ss_wp.o ABSOLUTE
    ../clib/printf.c                         0x00000000   Number         0  __printf_flags_wp.o ABSOLUTE
    ../clib/printf.c                         0x00000000   Number         0  __printf_wp.o ABSOLUTE
    ../clib/printf.c                         0x00000000   Number         0  __printf_ss.o ABSOLUTE
    ../clib/printf.c                         0x00000000   Number         0  __printf_flags_ss.o ABSOLUTE
    ../clib/printf.c                         0x00000000   Number         0  __printf_flags.o ABSOLUTE
    ../clib/printf.c                         0x00000000   Number         0  __2sprintf.o ABSOLUTE
    ../clib/printf.c                         0x00000000   Number         0  _printf_dec.o ABSOLUTE
    ../clib/printf.c                         0x00000000   Number         0  noretval__2sprintf.o ABSOLUTE
    ../clib/printf.c                         0x00000000   Number         0  __printf.o ABSOLUTE
    ../clib/printf_percent.s                 0x00000000   Number         0  _printf_percent_end.o ABSOLUTE
    ../clib/printf_percent.s                 0x00000000   Number         0  _printf_percent.o ABSOLUTE
    ../clib/printf_percent.s                 0x00000000   Number         0  _printf_f.o ABSOLUTE
    ../clib/printf_percent.s                 0x00000000   Number         0  _printf_d.o ABSOLUTE
    ../clib/signal.c                         0x00000000   Number         0  defsig_pvfn_inner.o ABSOLUTE
    ../clib/signal.c                         0x00000000   Number         0  defsig_rtred_inner.o ABSOLUTE
    ../clib/signal.c                         0x00000000   Number         0  defsig_stak_inner.o ABSOLUTE
    ../clib/signal.c                         0x00000000   Number         0  defsig_rtmem_inner.o ABSOLUTE
    ../clib/signal.c                         0x00000000   Number         0  defsig_fpe_inner.o ABSOLUTE
    ../clib/signal.c                         0x00000000   Number         0  defsig_exit.o ABSOLUTE
    ../clib/signal.c                         0x00000000   Number         0  defsig_rtmem_formal.o ABSOLUTE
    ../clib/signal.c                         0x00000000   Number         0  defsig_abrt_inner.o ABSOLUTE
    ../clib/signal.c                         0x00000000   Number         0  defsig_rtmem_outer.o ABSOLUTE
    ../clib/signal.c                         0x00000000   Number         0  defsig_general.o ABSOLUTE
    ../clib/signal.c                         0x00000000   Number         0  __raise.o ABSOLUTE
    ../clib/signal.c                         0x00000000   Number         0  defsig_cppl_inner.o ABSOLUTE
    ../clib/signal.c                         0x00000000   Number         0  defsig_segv_inner.o ABSOLUTE
    ../clib/signal.c                         0x00000000   Number         0  defsig_other.o ABSOLUTE
    ../clib/signal.s                         0x00000000   Number         0  defsig.o ABSOLUTE
    ../clib/stdlib.c                         0x00000000   Number         0  exit.o ABSOLUTE
    ../fplib/daddsub.s                       0x00000000   Number         0  daddsub_clz.o ABSOLUTE
    ../fplib/ddiv.s                          0x00000000   Number         0  ddiv.o ABSOLUTE
    ../fplib/dfixu.s                         0x00000000   Number         0  dfixu.o ABSOLUTE
    ../fplib/dflt.s                          0x00000000   Number         0  dflt_clz.o ABSOLUTE
    ../fplib/dmul.s                          0x00000000   Number         0  dmul.o ABSOLUTE
    ../fplib/dnaninf.s                       0x00000000   Number         0  dnaninf.o ABSOLUTE
    ../fplib/dretinf.s                       0x00000000   Number         0  dretinf.o ABSOLUTE
    ../fplib/fpinit.s                        0x00000000   Number         0  fpinit.o ABSOLUTE
    ../fplib/istatus.s                       0x00000000   Number         0  istatus.o ABSOLUTE
    ../fplib/printf1.s                       0x00000000   Number         0  printf1.o ABSOLUTE
    ../fplib/usenofp.s                       0x00000000   Number         0  usenofp.o ABSOLUTE
    ../mathlib/fpclassify.c                  0x00000000   Number         0  fpclassify.o ABSOLUTE
    2DX_2022_Studio_9_E2.c                   0x00000000   Number         0  2dx_2022_studio_9_e2.o ABSOLUTE
    PLL.c                                    0x00000000   Number         0  pll.o ABSOLUTE
    RTE\Device\MSP432E401Y\startup_msp432e401y_uvision.s 0x00000000   Number         0  startup_msp432e401y_uvision.o ABSOLUTE
    RTE\Device\MSP432E401Y\system_msp432e401y.c 0x00000000   Number         0  system_msp432e401y.o ABSOLUTE
    RTE\\Device\\MSP432E401Y\\system_msp432e401y.c 0x00000000   Number         0  system_msp432e401y.o ABSOLUTE
    SysTick.c                                0x00000000   Number         0  systick.o ABSOLUTE
    VL53L1X_api.c                            0x00000000   Number         0  vl53l1x_api.o ABSOLUTE
    dc.s                                     0x00000000   Number         0  dc.o ABSOLUTE
    onboardLEDs.c                            0x00000000   Number         0  onboardleds.o ABSOLUTE
    uart.c                                   0x00000000   Number         0  uart.o ABSOLUTE
    vl53l1_platform_2dx4.c                   0x00000000   Number         0  vl53l1_platform_2dx4.o ABSOLUTE
    !!!main                                  0x000001fc   Section        8  __main.o(!!!main)
    !!!scatter                               0x00000204   Section       52  __scatter.o(!!!scatter)
    !!handler_copy                           0x00000238   Section       26  __scatter_copy.o(!!handler_copy)
    !!handler_zi                             0x00000254   Section       28  __scatter_zi.o(!!handler_zi)
    .ARM.Collect$$_printf_percent$$00000000  0x00000270   Section        0  _printf_percent.o(.ARM.Collect$$_printf_percent$$00000000)
    .ARM.Collect$$_printf_percent$$00000003  0x00000270   Section        6  _printf_f.o(.ARM.Collect$$_printf_percent$$00000003)
    .ARM.Collect$$_printf_percent$$00000009  0x00000276   Section        6  _printf_d.o(.ARM.Collect$$_printf_percent$$00000009)
    .ARM.Collect$$_printf_percent$$00000017  0x0000027c   Section        4  _printf_percent_end.o(.ARM.Collect$$_printf_percent$$00000017)
    .ARM.Collect$$libinit$$00000000          0x00000280   Section        2  libinit.o(.ARM.Collect$$libinit$$00000000)
    .ARM.Collect$$libinit$$00000001          0x00000282   Section        4  libinit2.o(.ARM.Collect$$libinit$$00000001)
    .ARM.Collect$$libinit$$00000004          0x00000286   Section        0  libinit2.o(.ARM.Collect$$libinit$$00000004)
    .ARM.Collect$$libinit$$0000000A          0x00000286   Section        0  libinit2.o(.ARM.Collect$$libinit$$0000000A)
    .ARM.Collect$$libinit$$0000000C          0x00000286   Section        0  libinit2.o(.ARM.Collect$$libinit$$0000000C)
    .ARM.Collect$$libinit$$0000000E          0x00000286   Section        0  libinit2.o(.ARM.Collect$$libinit$$0000000E)
    .ARM.Collect$$libinit$$0000000F          0x00000286   Section        6  libinit2.o(.ARM.Collect$$libinit$$0000000F)
    .ARM.Collect$$libinit$$00000011          0x0000028c   Section        0  libinit2.o(.ARM.Collect$$libinit$$00000011)
    .ARM.Collect$$libinit$$00000013          0x0000028c   Section        0  libinit2.o(.ARM.Collect$$libinit$$00000013)
    .ARM.Collect$$libinit$$00000015          0x0000028c   Section        0  libinit2.o(.ARM.Collect$$libinit$$00000015)
    .ARM.Collect$$libinit$$00000016          0x0000028c   Section       10  libinit2.o(.ARM.Collect$$libinit$$00000016)
    .ARM.Collect$$libinit$$00000017          0x00000296   Section        0  libinit2.o(.ARM.Collect$$libinit$$00000017)
    .ARM.Collect$$libinit$$00000019          0x00000296   Section        0  libinit2.o(.ARM.Collect$$libinit$$00000019)
    .ARM.Collect$$libinit$$0000001B          0x00000296   Section        0  libinit2.o(.ARM.Collect$$libinit$$0000001B)
    .ARM.Collect$$libinit$$0000001D          0x00000296   Section        0  libinit2.o(.ARM.Collect$$libinit$$0000001D)
    .ARM.Collect$$libinit$$0000001F          0x00000296   Section        0  libinit2.o(.ARM.Collect$$libinit$$0000001F)
    .ARM.Collect$$libinit$$00000021          0x00000296   Section        0  libinit2.o(.ARM.Collect$$libinit$$00000021)
    .ARM.Collect$$libinit$$00000023          0x00000296   Section        0  libinit2.o(.ARM.Collect$$libinit$$00000023)
    .ARM.Collect$$libinit$$00000025          0x00000296   Section        0  libinit2.o(.ARM.Collect$$libinit$$00000025)
    .ARM.Collect$$libinit$$0000002C          0x00000296   Section        0  libinit2.o(.ARM.Collect$$libinit$$0000002C)
    .ARM.Collect$$libinit$$0000002E          0x00000296   Section        0  libinit2.o(.ARM.Collect$$libinit$$0000002E)
    .ARM.Collect$$libinit$$00000030          0x00000296   Section        0  libinit2.o(.ARM.Collect$$libinit$$00000030)
    .ARM.Collect$$libinit$$00000032          0x00000296   Section        0  libinit2.o(.ARM.Collect$$libinit$$00000032)
    .ARM.Collect$$libinit$$00000033          0x00000296   Section        2  libinit2.o(.ARM.Collect$$libinit$$00000033)
    .ARM.Collect$$libshutdown$$00000000      0x00000298   Section        2  libshutdown.o(.ARM.Collect$$libshutdown$$00000000)
    .ARM.Collect$$libshutdown$$00000002      0x0000029a   Section        0  libshutdown2.o(.ARM.Collect$$libshutdown$$00000002)
    .ARM.Collect$$libshutdown$$00000004      0x0000029a   Section        0  libshutdown2.o(.ARM.Collect$$libshutdown$$00000004)
    .ARM.Collect$$libshutdown$$00000006      0x0000029a   Section        0  libshutdown2.o(.ARM.Collect$$libshutdown$$00000006)
    .ARM.Collect$$libshutdown$$00000009      0x0000029a   Section        0  libshutdown2.o(.ARM.Collect$$libshutdown$$00000009)
    .ARM.Collect$$libshutdown$$0000000C      0x0000029a   Section        0  libshutdown2.o(.ARM.Collect$$libshutdown$$0000000C)
    .ARM.Collect$$libshutdown$$0000000E      0x0000029a   Section        0  libshutdown2.o(.ARM.Collect$$libshutdown$$0000000E)
    .ARM.Collect$$libshutdown$$00000011      0x0000029a   Section        0  libshutdown2.o(.ARM.Collect$$libshutdown$$00000011)
    .ARM.Collect$$libshutdown$$00000012      0x0000029a   Section        2  libshutdown2.o(.ARM.Collect$$libshutdown$$00000012)
    .ARM.Collect$$rtentry$$00000000          0x0000029c   Section        0  __rtentry.o(.ARM.Collect$$rtentry$$00000000)
    .ARM.Collect$$rtentry$$00000002          0x0000029c   Section        0  __rtentry2.o(.ARM.Collect$$rtentry$$00000002)
    .ARM.Collect$$rtentry$$00000004          0x0000029c   Section        6  __rtentry4.o(.ARM.Collect$$rtentry$$00000004)
    .ARM.Collect$$rtentry$$00000009          0x000002a2   Section        0  __rtentry2.o(.ARM.Collect$$rtentry$$00000009)
    .ARM.Collect$$rtentry$$0000000A          0x000002a2   Section        4  __rtentry2.o(.ARM.Collect$$rtentry$$0000000A)
    .ARM.Collect$$rtentry$$0000000C          0x000002a6   Section        0  __rtentry2.o(.ARM.Collect$$rtentry$$0000000C)
    .ARM.Collect$$rtentry$$0000000D          0x000002a6   Section        8  __rtentry2.o(.ARM.Collect$$rtentry$$0000000D)
    .ARM.Collect$$rtexit$$00000000           0x000002ae   Section        2  rtexit.o(.ARM.Collect$$rtexit$$00000000)
    .ARM.Collect$$rtexit$$00000002           0x000002b0   Section        0  rtexit2.o(.ARM.Collect$$rtexit$$00000002)
    .ARM.Collect$$rtexit$$00000003           0x000002b0   Section        4  rtexit2.o(.ARM.Collect$$rtexit$$00000003)
    .ARM.Collect$$rtexit$$00000004           0x000002b4   Section        6  rtexit2.o(.ARM.Collect$$rtexit$$00000004)
    .text                                    0x000002bc   Section       60  startup_msp432e401y_uvision.o(.text)
    $v0                                      0x000002bc   Number         0  startup_msp432e401y_uvision.o(.text)
    .text                                    0x000002f8   Section        0  noretval__2sprintf.o(.text)
    .text                                    0x00000320   Section        0  __printf.o(.text)
    .text                                    0x00000388   Section        0  _printf_dec.o(.text)
    .text                                    0x00000400   Section        0  heapauxi.o(.text)
    .text                                    0x00000406   Section        0  _printf_intcommon.o(.text)
    .text                                    0x000004b8   Section        0  _printf_fp_dec.o(.text)
    _fp_digits                               0x000004bb   Thumb Code   432  _printf_fp_dec.o(.text)
    .text                                    0x000008d8   Section        0  _printf_char_common.o(.text)
    _printf_input_char                       0x000008d9   Thumb Code    10  _printf_char_common.o(.text)
    .text                                    0x00000908   Section        0  _sputc.o(.text)
    .text                                    0x00000914   Section        8  rt_locale_intlibspace.o(.text)
    .text                                    0x0000091c   Section      138  lludiv10.o(.text)
    .text                                    0x000009a8   Section        0  _printf_fp_infnan.o(.text)
    .text                                    0x00000a28   Section        0  bigflt0.o(.text)
    .text                                    0x00000b0c   Section        8  libspace.o(.text)
    .text                                    0x00000b14   Section       74  sys_stackheap_outer.o(.text)
    .text                                    0x00000b5e   Section        0  exit.o(.text)
    .text                                    0x00000b70   Section      128  strcmpv7m.o(.text)
    .text                                    0x00000bf0   Section        0  sys_exit.o(.text)
    .text                                    0x00000bfc   Section        2  use_no_semi.o(.text)
    .text                                    0x00000bfe   Section        0  indicate_semi.o(.text)
    CL$$btod_d2e                             0x00000bfe   Section       62  btod.o(CL$$btod_d2e)
    CL$$btod_d2e_denorm_low                  0x00000c3c   Section       70  btod.o(CL$$btod_d2e_denorm_low)
    CL$$btod_d2e_norm_op1                    0x00000c82   Section       96  btod.o(CL$$btod_d2e_norm_op1)
    CL$$btod_div_common                      0x00000ce2   Section      824  btod.o(CL$$btod_div_common)
    CL$$btod_e2e                             0x0000101a   Section      220  btod.o(CL$$btod_e2e)
    CL$$btod_ediv                            0x000010f6   Section       42  btod.o(CL$$btod_ediv)
    CL$$btod_emul                            0x00001120   Section       42  btod.o(CL$$btod_emul)
    CL$$btod_mult_common                     0x0000114a   Section      580  btod.o(CL$$btod_mult_common)
    i.FlashAllLEDs                           0x00001390   Section        0  onboardleds.o(i.FlashAllLEDs)
    i.FlashI2CError                          0x000013ec   Section        0  onboardleds.o(i.FlashI2CError)
    i.FlashI2CRx                             0x00001400   Section        0  onboardleds.o(i.FlashI2CRx)
    i.FlashI2CTx                             0x0000140a   Section        0  onboardleds.o(i.FlashI2CTx)
    i.FlashLED1                              0x00001414   Section        0  onboardleds.o(i.FlashLED1)
    i.FlashLED2                              0x00001430   Section        0  onboardleds.o(i.FlashLED2)
    i.FlashLED3                              0x0000144c   Section        0  onboardleds.o(i.FlashLED3)
    i.I2C_Init                               0x00001490   Section        0  2dx_2022_studio_9_e2.o(i.I2C_Init)
    i.PLL_Init                               0x0000151c   Section        0  pll.o(i.PLL_Init)
    i.PortH0H1H2H3_Init                      0x00001638   Section        0  2dx_2022_studio_9_e2.o(i.PortH0H1H2H3_Init)
    i.PortM0_Init                            0x00001670   Section        0  2dx_2022_studio_9_e2.o(i.PortM0_Init)
    i.Status_Check                           0x000016a8   Section        0  uart.o(i.Status_Check)
    i.SysTick_Init                           0x00001700   Section        0  systick.o(i.SysTick_Init)
    i.SysTick_Wait                           0x00001718   Section        0  systick.o(i.SysTick_Wait)
    i.SysTick_Wait10ms                       0x00001738   Section        0  systick.o(i.SysTick_Wait10ms)
    i.SystemInit                             0x00001754   Section        0  system_msp432e401y.o(i.SystemInit)
    i.UART_InChar                            0x00001774   Section        0  uart.o(i.UART_InChar)
    i.UART_Init                              0x00001790   Section        0  uart.o(i.UART_Init)
    i.UART_OutChar                           0x0000185c   Section        0  uart.o(i.UART_OutChar)
    i.UART_printf                            0x00001874   Section        0  uart.o(i.UART_printf)
    i.VL53L1X_BootState                      0x0000188c   Section        0  vl53l1x_api.o(i.VL53L1X_BootState)
    i.VL53L1X_CheckForDataReady              0x000018ae   Section        0  vl53l1x_api.o(i.VL53L1X_CheckForDataReady)
    i.VL53L1X_ClearInterrupt                 0x000018ec   Section        0  vl53l1x_api.o(i.VL53L1X_ClearInterrupt)
    i.VL53L1X_GetDistance                    0x00001902   Section        0  vl53l1x_api.o(i.VL53L1X_GetDistance)
    i.VL53L1X_GetDistanceMode                0x00001920   Section        0  vl53l1x_api.o(i.VL53L1X_GetDistanceMode)
    i.VL53L1X_GetInterruptPolarity           0x00001950   Section        0  vl53l1x_api.o(i.VL53L1X_GetInterruptPolarity)
    i.VL53L1X_GetSensorId                    0x00001982   Section        0  vl53l1x_api.o(i.VL53L1X_GetSensorId)
    i.VL53L1X_GetTimingBudgetInMs            0x000019a6   Section        0  vl53l1x_api.o(i.VL53L1X_GetTimingBudgetInMs)
    i.VL53L1X_SensorInit                     0x00001a54   Section        0  vl53l1x_api.o(i.VL53L1X_SensorInit)
    i.VL53L1X_SetDistanceMode                0x00001b38   Section        0  vl53l1x_api.o(i.VL53L1X_SetDistanceMode)
    i.VL53L1X_SetTimingBudgetInMs            0x00001c0e   Section        0  vl53l1x_api.o(i.VL53L1X_SetTimingBudgetInMs)
    i.VL53L1X_StartRanging                   0x00001dc0   Section        0  vl53l1x_api.o(i.VL53L1X_StartRanging)
    i.VL53L1X_StopRanging                    0x00001dd6   Section        0  vl53l1x_api.o(i.VL53L1X_StopRanging)
    i.VL53L1_RdByte                          0x00001dec   Section        0  vl53l1_platform_2dx4.o(i.VL53L1_RdByte)
    i.VL53L1_RdWord                          0x00001e10   Section        0  vl53l1_platform_2dx4.o(i.VL53L1_RdWord)
    i.VL53L1_WaitMs                          0x00001e48   Section        0  vl53l1_platform_2dx4.o(i.VL53L1_WaitMs)
    i.VL53L1_WrByte                          0x00001e68   Section        0  vl53l1_platform_2dx4.o(i.VL53L1_WrByte)
    i.VL53L1_WrWord                          0x00001e86   Section        0  vl53l1_platform_2dx4.o(i.VL53L1_WrWord)
    i.__ARM_fpclassify                       0x00001eb6   Section        0  fpclassify.o(i.__ARM_fpclassify)
    i.beginRxI2C                             0x00001ee8   Section        0  vl53l1_platform_2dx4.o(i.beginRxI2C)
    i.beginTxI2C                             0x00001f08   Section        0  vl53l1_platform_2dx4.o(i.beginTxI2C)
    i.getValues                              0x00001f28   Section        0  2dx_2022_studio_9_e2.o(i.getValues)
    i.main                                   0x00001f88   Section        0  2dx_2022_studio_9_e2.o(i.main)
    i.onboardLEDs_Init                       0x000021ac   Section        0  onboardleds.o(i.onboardLEDs_Init)
    i.readI2C                                0x00002270   Section        0  vl53l1_platform_2dx4.o(i.readI2C)
    i.writeI2C                               0x000022bc   Section        0  vl53l1_platform_2dx4.o(i.writeI2C)
    i.writeRegisterIndex                     0x0000235c   Section        0  vl53l1_platform_2dx4.o(i.writeRegisterIndex)
    i.writeRegisterIndex_nostop              0x000023e4   Section        0  vl53l1_platform_2dx4.o(i.writeRegisterIndex_nostop)
    locale$$code                             0x0000246c   Section       44  lc_numeric_c.o(locale$$code)
    x$fpl$dadd                               0x00002498   Section      336  daddsub_clz.o(x$fpl$dadd)
    $v0                                      0x00002498   Number         0  daddsub_clz.o(x$fpl$dadd)
    _dadd1                                   0x000024a9   Thumb Code     0  daddsub_clz.o(x$fpl$dadd)
    x$fpl$dfltu                              0x000025e8   Section       38  dflt_clz.o(x$fpl$dfltu)
    $v0                                      0x000025e8   Number         0  dflt_clz.o(x$fpl$dfltu)
    x$fpl$dnaninf                            0x0000260e   Section      156  dnaninf.o(x$fpl$dnaninf)
    $v0                                      0x0000260e   Number         0  dnaninf.o(x$fpl$dnaninf)
    x$fpl$dretinf                            0x000026aa   Section       12  dretinf.o(x$fpl$dretinf)
    $v0                                      0x000026aa   Number         0  dretinf.o(x$fpl$dretinf)
    x$fpl$dsub                               0x000026b8   Section      468  daddsub_clz.o(x$fpl$dsub)
    $v0                                      0x000026b8   Number         0  daddsub_clz.o(x$fpl$dsub)
    _dsub1                                   0x000026c9   Thumb Code     0  daddsub_clz.o(x$fpl$dsub)
    x$fpl$fpinit                             0x0000288c   Section       10  fpinit.o(x$fpl$fpinit)
    $v0                                      0x0000288c   Number         0  fpinit.o(x$fpl$fpinit)
    x$fpl$printf1                            0x00002896   Section        4  printf1.o(x$fpl$printf1)
    $v0                                      0x00002896   Number         0  printf1.o(x$fpl$printf1)
    .constdata                               0x0000289a   Section      115  vl53l1x_api.o(.constdata)
    x$fpl$usenofp                            0x0000289a   Section        0  usenofp.o(x$fpl$usenofp)
    status_rtn                               0x000028f5   Data          24  vl53l1x_api.o(.constdata)
    .constdata                               0x00002910   Section      148  bigflt0.o(.constdata)
    tenpwrs_x                                0x00002910   Data          60  bigflt0.o(.constdata)
    tenpwrs_i                                0x0000294c   Data          64  bigflt0.o(.constdata)
    locale$$data                             0x000029c4   Section       28  lc_numeric_c.o(locale$$data)
    __lcnum_c_name                           0x000029c8   Data           2  lc_numeric_c.o(locale$$data)
    __lcnum_c_start                          0x000029d0   Data           0  lc_numeric_c.o(locale$$data)
    __lcnum_c_point                          0x000029dc   Data           0  lc_numeric_c.o(locale$$data)
    __lcnum_c_thousands                      0x000029de   Data           0  lc_numeric_c.o(locale$$data)
    __lcnum_c_grouping                       0x000029df   Data           0  lc_numeric_c.o(locale$$data)
    __lcnum_c_end                            0x000029e0   Data           0  lc_numeric_c.o(locale$$data)
    .data                                    0x20000000   Section        8  2dx_2022_studio_9_e2.o(.data)
    .data                                    0x20000008   Section        4  system_msp432e401y.o(.data)
    .bss                                     0x2000000c   Section     1023  uart.o(.bss)
    printf_buffer                            0x2000000c   Data        1023  uart.o(.bss)
    .bss                                     0x2000040b   Section     1023  2dx_2022_studio_9_e2.o(.bss)
    printf_buffer                            0x2000040b   Data        1023  2dx_2022_studio_9_e2.o(.bss)
    .bss                                     0x2000080c   Section       96  libspace.o(.bss)
    HEAP                                     0x20000870   Section        0  startup_msp432e401y_uvision.o(HEAP)
    STACK                                    0x20000870   Section      512  startup_msp432e401y_uvision.o(STACK)
    Heap_Mem                                 0x20000870   Data           0  startup_msp432e401y_uvision.o(HEAP)
    Stack_Mem                                0x20000870   Data         512  startup_msp432e401y_uvision.o(STACK)
    __initial_sp                             0x20000a70   Data           0  startup_msp432e401y_uvision.o(STACK)

    Global Symbols

    Symbol Name                              Value     Ov Type        Size  Object(Section)

    BuildAttributes$$THM_ISAv4$E$P$D$K$B$S$7EM$VFPi3$EXTD16$VFPS$VFMA$PE$A:L22UL41UL21$X:L11$S22US41US21$IEEE1$IW$USESV6$~STKCKD$USESV7$~SHL$OTIME$ROPI$IEEEJ$EBA8$UX$STANDARDLIB$REQ8$PRES8$EABIv2 0x00000000   Number         0  anon$$obj.o ABSOLUTE
    __ARM_use_no_argv                        0x00000000   Number         0  2dx_2022_studio_9_e2.o ABSOLUTE
    __Vectors                                0x00000000   Data           4  startup_msp432e401y_uvision.o(RESET)
    __ARM_exceptions_init                     - Undefined Weak Reference
    __alloca_initialize                       - Undefined Weak Reference
    __arm_fini_                               - Undefined Weak Reference
    __arm_preinit_                            - Undefined Weak Reference
    __cpp_initialize__aeabi_                  - Undefined Weak Reference
    __cxa_finalize                            - Undefined Weak Reference
    __sigvec_lookup                           - Undefined Weak Reference
    _atexit_init                              - Undefined Weak Reference
    _call_atexit_fns                          - Undefined Weak Reference
    _clock_init                               - Undefined Weak Reference
    _fp_trap_init                             - Undefined Weak Reference
    _fp_trap_shutdown                         - Undefined Weak Reference
    _get_lc_collate                           - Undefined Weak Reference
    _get_lc_ctype                             - Undefined Weak Reference
    _get_lc_monetary                          - Undefined Weak Reference
    _get_lc_time                              - Undefined Weak Reference
    _getenv_init                              - Undefined Weak Reference
    _handle_redirection                       - Undefined Weak Reference
    _init_alloc                               - Undefined Weak Reference
    _init_user_alloc                          - Undefined Weak Reference
    _initio                                   - Undefined Weak Reference
    _printf_post_padding                      - Undefined Weak Reference
    _printf_pre_padding                       - Undefined Weak Reference
    _printf_truncate_signed                   - Undefined Weak Reference
    _printf_truncate_unsigned                 - Undefined Weak Reference
    _rand_init                                - Undefined Weak Reference
    _signal_finish                            - Undefined Weak Reference
    _signal_init                              - Undefined Weak Reference
    _terminate_alloc                          - Undefined Weak Reference
    _terminate_user_alloc                     - Undefined Weak Reference
    _terminateio                              - Undefined Weak Reference
    __Vectors_End                            0x000001fc   Data           0  startup_msp432e401y_uvision.o(RESET)
    __Vectors_Size                           0x000001fc   Number         0  startup_msp432e401y_uvision.o ABSOLUTE
    __main                                   0x000001fd   Thumb Code     8  __main.o(!!!main)
    __scatterload                            0x00000205   Thumb Code     0  __scatter.o(!!!scatter)
    __scatterload_rt2                        0x00000205   Thumb Code    44  __scatter.o(!!!scatter)
    __scatterload_rt2_thumb_only             0x00000205   Thumb Code     0  __scatter.o(!!!scatter)
    __scatterload_null                       0x00000213   Thumb Code     0  __scatter.o(!!!scatter)
    __scatterload_copy                       0x00000239   Thumb Code    26  __scatter_copy.o(!!handler_copy)
    __scatterload_zeroinit                   0x00000255   Thumb Code    28  __scatter_zi.o(!!handler_zi)
    _printf_f                                0x00000271   Thumb Code     0  _printf_f.o(.ARM.Collect$$_printf_percent$$00000003)
    _printf_percent                          0x00000271   Thumb Code     0  _printf_percent.o(.ARM.Collect$$_printf_percent$$00000000)
    _printf_d                                0x00000277   Thumb Code     0  _printf_d.o(.ARM.Collect$$_printf_percent$$00000009)
    _printf_percent_end                      0x0000027d   Thumb Code     0  _printf_percent_end.o(.ARM.Collect$$_printf_percent$$00000017)
    __rt_lib_init                            0x00000281   Thumb Code     0  libinit.o(.ARM.Collect$$libinit$$00000000)
    __rt_lib_init_fp_1                       0x00000283   Thumb Code     0  libinit2.o(.ARM.Collect$$libinit$$00000001)
    __rt_lib_init_heap_1                     0x00000287   Thumb Code     0  libinit2.o(.ARM.Collect$$libinit$$0000000A)
    __rt_lib_init_lc_common                  0x00000287   Thumb Code     0  libinit2.o(.ARM.Collect$$libinit$$0000000F)
    __rt_lib_init_preinit_1                  0x00000287   Thumb Code     0  libinit2.o(.ARM.Collect$$libinit$$00000004)
    __rt_lib_init_rand_1                     0x00000287   Thumb Code     0  libinit2.o(.ARM.Collect$$libinit$$0000000E)
    __rt_lib_init_user_alloc_1               0x00000287   Thumb Code     0  libinit2.o(.ARM.Collect$$libinit$$0000000C)
    __rt_lib_init_lc_collate_1               0x0000028d   Thumb Code     0  libinit2.o(.ARM.Collect$$libinit$$00000011)
    __rt_lib_init_lc_ctype_1                 0x0000028d   Thumb Code     0  libinit2.o(.ARM.Collect$$libinit$$00000013)
    __rt_lib_init_lc_monetary_1              0x0000028d   Thumb Code     0  libinit2.o(.ARM.Collect$$libinit$$00000015)
    __rt_lib_init_lc_numeric_2               0x0000028d   Thumb Code     0  libinit2.o(.ARM.Collect$$libinit$$00000016)
    __rt_lib_init_alloca_1                   0x00000297   Thumb Code     0  libinit2.o(.ARM.Collect$$libinit$$0000002E)
    __rt_lib_init_argv_1                     0x00000297   Thumb Code     0  libinit2.o(.ARM.Collect$$libinit$$0000002C)
    __rt_lib_init_atexit_1                   0x00000297   Thumb Code     0  libinit2.o(.ARM.Collect$$libinit$$0000001B)
    __rt_lib_init_clock_1                    0x00000297   Thumb Code     0  libinit2.o(.ARM.Collect$$libinit$$00000021)
    __rt_lib_init_cpp_1                      0x00000297   Thumb Code     0  libinit2.o(.ARM.Collect$$libinit$$00000032)
    __rt_lib_init_exceptions_1               0x00000297   Thumb Code     0  libinit2.o(.ARM.Collect$$libinit$$00000030)
    __rt_lib_init_fp_trap_1                  0x00000297   Thumb Code     0  libinit2.o(.ARM.Collect$$libinit$$0000001F)
    __rt_lib_init_getenv_1                   0x00000297   Thumb Code     0  libinit2.o(.ARM.Collect$$libinit$$00000023)
    __rt_lib_init_lc_numeric_1               0x00000297   Thumb Code     0  libinit2.o(.ARM.Collect$$libinit$$00000017)
    __rt_lib_init_lc_time_1                  0x00000297   Thumb Code     0  libinit2.o(.ARM.Collect$$libinit$$00000019)
    __rt_lib_init_return                     0x00000297   Thumb Code     0  libinit2.o(.ARM.Collect$$libinit$$00000033)
    __rt_lib_init_signal_1                   0x00000297   Thumb Code     0  libinit2.o(.ARM.Collect$$libinit$$0000001D)
    __rt_lib_init_stdio_1                    0x00000297   Thumb Code     0  libinit2.o(.ARM.Collect$$libinit$$00000025)
    __rt_lib_shutdown                        0x00000299   Thumb Code     0  libshutdown.o(.ARM.Collect$$libshutdown$$00000000)
    __rt_lib_shutdown_cpp_1                  0x0000029b   Thumb Code     0  libshutdown2.o(.ARM.Collect$$libshutdown$$00000004)
    __rt_lib_shutdown_fini_1                 0x0000029b   Thumb Code     0  libshutdown2.o(.ARM.Collect$$libshutdown$$00000002)
    __rt_lib_shutdown_fp_trap_1              0x0000029b   Thumb Code     0  libshutdown2.o(.ARM.Collect$$libshutdown$$00000009)
    __rt_lib_shutdown_heap_1                 0x0000029b   Thumb Code     0  libshutdown2.o(.ARM.Collect$$libshutdown$$00000011)
    __rt_lib_shutdown_return                 0x0000029b   Thumb Code     0  libshutdown2.o(.ARM.Collect$$libshutdown$$00000012)
    __rt_lib_shutdown_signal_1               0x0000029b   Thumb Code     0  libshutdown2.o(.ARM.Collect$$libshutdown$$0000000C)
    __rt_lib_shutdown_stdio_1                0x0000029b   Thumb Code     0  libshutdown2.o(.ARM.Collect$$libshutdown$$00000006)
    __rt_lib_shutdown_user_alloc_1           0x0000029b   Thumb Code     0  libshutdown2.o(.ARM.Collect$$libshutdown$$0000000E)
    __rt_entry                               0x0000029d   Thumb Code     0  __rtentry.o(.ARM.Collect$$rtentry$$00000000)
    __rt_entry_presh_1                       0x0000029d   Thumb Code     0  __rtentry2.o(.ARM.Collect$$rtentry$$00000002)
    __rt_entry_sh                            0x0000029d   Thumb Code     0  __rtentry4.o(.ARM.Collect$$rtentry$$00000004)
    __rt_entry_li                            0x000002a3   Thumb Code     0  __rtentry2.o(.ARM.Collect$$rtentry$$0000000A)
    __rt_entry_postsh_1                      0x000002a3   Thumb Code     0  __rtentry2.o(.ARM.Collect$$rtentry$$00000009)
    __rt_entry_main                          0x000002a7   Thumb Code     0  __rtentry2.o(.ARM.Collect$$rtentry$$0000000D)
    __rt_entry_postli_1                      0x000002a7   Thumb Code     0  __rtentry2.o(.ARM.Collect$$rtentry$$0000000C)
    __rt_exit                                0x000002af   Thumb Code     0  rtexit.o(.ARM.Collect$$rtexit$$00000000)
    __rt_exit_ls                             0x000002b1   Thumb Code     0  rtexit2.o(.ARM.Collect$$rtexit$$00000003)
    __rt_exit_prels_1                        0x000002b1   Thumb Code     0  rtexit2.o(.ARM.Collect$$rtexit$$00000002)
    __rt_exit_exit                           0x000002b5   Thumb Code     0  rtexit2.o(.ARM.Collect$$rtexit$$00000004)
    Reset_Handler                            0x000002bd   Thumb Code     8  startup_msp432e401y_uvision.o(.text)
    NMI_Handler                              0x000002c5   Thumb Code     2  startup_msp432e401y_uvision.o(.text)
    HardFault_Handler                        0x000002c7   Thumb Code     2  startup_msp432e401y_uvision.o(.text)
    MemManage_Handler                        0x000002c9   Thumb Code     2  startup_msp432e401y_uvision.o(.text)
    BusFault_Handler                         0x000002cb   Thumb Code     2  startup_msp432e401y_uvision.o(.text)
    UsageFault_Handler                       0x000002cd   Thumb Code     2  startup_msp432e401y_uvision.o(.text)
    SVC_Handler                              0x000002cf   Thumb Code     2  startup_msp432e401y_uvision.o(.text)
    DebugMon_Handler                         0x000002d1   Thumb Code     2  startup_msp432e401y_uvision.o(.text)
    PendSV_Handler                           0x000002d3   Thumb Code     2  startup_msp432e401y_uvision.o(.text)
    SysTick_Handler                          0x000002d5   Thumb Code     2  startup_msp432e401y_uvision.o(.text)
    ADC0SS0_IRQHandler                       0x000002d7   Thumb Code     0  startup_msp432e401y_uvision.o(.text)
    ADC0SS1_IRQHandler                       0x000002d7   Thumb Code     0  startup_msp432e401y_uvision.o(.text)
    ADC0SS2_IRQHandler                       0x000002d7   Thumb Code     0  startup_msp432e401y_uvision.o(.text)
    ADC0SS3_IRQHandler                       0x000002d7   Thumb Code     0  startup_msp432e401y_uvision.o(.text)
    ADC1SS0_IRQHandler                       0x000002d7   Thumb Code     0  startup_msp432e401y_uvision.o(.text)
    ADC1SS1_IRQHandler                       0x000002d7   Thumb Code     0  startup_msp432e401y_uvision.o(.text)
    ADC1SS2_IRQHandler                       0x000002d7   Thumb Code     0  startup_msp432e401y_uvision.o(.text)
    ADC1SS3_IRQHandler                       0x000002d7   Thumb Code     0  startup_msp432e401y_uvision.o(.text)
    AES0_IRQHandler                          0x000002d7   Thumb Code     0  startup_msp432e401y_uvision.o(.text)
    CAN0_IRQHandler                          0x000002d7   Thumb Code     0  startup_msp432e401y_uvision.o(.text)
    CAN1_IRQHandler                          0x000002d7   Thumb Code     0  startup_msp432e401y_uvision.o(.text)
    COMP0_IRQHandler                         0x000002d7   Thumb Code     0  startup_msp432e401y_uvision.o(.text)
    COMP1_IRQHandler                         0x000002d7   Thumb Code     0  startup_msp432e401y_uvision.o(.text)
    COMP2_IRQHandler                         0x000002d7   Thumb Code     0  startup_msp432e401y_uvision.o(.text)
    DES0_IRQHandler                          0x000002d7   Thumb Code     0  startup_msp432e401y_uvision.o(.text)
    EMAC0_IRQHandler                         0x000002d7   Thumb Code     0  startup_msp432e401y_uvision.o(.text)
    EPI0_IRQHandler                          0x000002d7   Thumb Code     0  startup_msp432e401y_uvision.o(.text)
    FLASH_IRQHandler                         0x000002d7   Thumb Code     0  startup_msp432e401y_uvision.o(.text)
    GPIOA_IRQHandler                         0x000002d7   Thumb Code     0  startup_msp432e401y_uvision.o(.text)
    GPIOB_IRQHandler                         0x000002d7   Thumb Code     0  startup_msp432e401y_uvision.o(.text)
    GPIOC_IRQHandler                         0x000002d7   Thumb Code     0  startup_msp432e401y_uvision.o(.text)
    GPIOD_IRQHandler                         0x000002d7   Thumb Code     0  startup_msp432e401y_uvision.o(.text)
    GPIOE_IRQHandler                         0x000002d7   Thumb Code     0  startup_msp432e401y_uvision.o(.text)
    GPIOF_IRQHandler                         0x000002d7   Thumb Code     0  startup_msp432e401y_uvision.o(.text)
    GPIOG_IRQHandler                         0x000002d7   Thumb Code     0  startup_msp432e401y_uvision.o(.text)
    GPIOH_IRQHandler                         0x000002d7   Thumb Code     0  startup_msp432e401y_uvision.o(.text)
    GPIOJ_IRQHandler                         0x000002d7   Thumb Code     0  startup_msp432e401y_uvision.o(.text)
    GPIOK_IRQHandler                         0x000002d7   Thumb Code     0  startup_msp432e401y_uvision.o(.text)
    GPIOL_IRQHandler                         0x000002d7   Thumb Code     0  startup_msp432e401y_uvision.o(.text)
    GPIOM_IRQHandler                         0x000002d7   Thumb Code     0  startup_msp432e401y_uvision.o(.text)
    GPION_IRQHandler                         0x000002d7   Thumb Code     0  startup_msp432e401y_uvision.o(.text)
    GPIOP0_IRQHandler                        0x000002d7   Thumb Code     0  startup_msp432e401y_uvision.o(.text)
    GPIOP1_IRQHandler                        0x000002d7   Thumb Code     0  startup_msp432e401y_uvision.o(.text)
    GPIOP2_IRQHandler                        0x000002d7   Thumb Code     0  startup_msp432e401y_uvision.o(.text)
    GPIOP3_IRQHandler                        0x000002d7   Thumb Code     0  startup_msp432e401y_uvision.o(.text)
    GPIOP4_IRQHandler                        0x000002d7   Thumb Code     0  startup_msp432e401y_uvision.o(.text)
    GPIOP5_IRQHandler                        0x000002d7   Thumb Code     0  startup_msp432e401y_uvision.o(.text)
    GPIOP6_IRQHandler                        0x000002d7   Thumb Code     0  startup_msp432e401y_uvision.o(.text)
    GPIOP7_IRQHandler                        0x000002d7   Thumb Code     0  startup_msp432e401y_uvision.o(.text)
    GPIOQ0_IRQHandler                        0x000002d7   Thumb Code     0  startup_msp432e401y_uvision.o(.text)
    GPIOQ1_IRQHandler                        0x000002d7   Thumb Code     0  startup_msp432e401y_uvision.o(.text)
    GPIOQ2_IRQHandler                        0x000002d7   Thumb Code     0  startup_msp432e401y_uvision.o(.text)
    GPIOQ3_IRQHandler                        0x000002d7   Thumb Code     0  startup_msp432e401y_uvision.o(.text)
    GPIOQ4_IRQHandler                        0x000002d7   Thumb Code     0  startup_msp432e401y_uvision.o(.text)
    GPIOQ5_IRQHandler                        0x000002d7   Thumb Code     0  startup_msp432e401y_uvision.o(.text)
    GPIOQ6_IRQHandler                        0x000002d7   Thumb Code     0  startup_msp432e401y_uvision.o(.text)
    GPIOQ7_IRQHandler                        0x000002d7   Thumb Code     0  startup_msp432e401y_uvision.o(.text)
    HIBERNATE_IRQHandler                     0x000002d7   Thumb Code     0  startup_msp432e401y_uvision.o(.text)
    I2C0_IRQHandler                          0x000002d7   Thumb Code     0  startup_msp432e401y_uvision.o(.text)
    I2C1_IRQHandler                          0x000002d7   Thumb Code     0  startup_msp432e401y_uvision.o(.text)
    I2C2_IRQHandler                          0x000002d7   Thumb Code     0  startup_msp432e401y_uvision.o(.text)
    I2C3_IRQHandler                          0x000002d7   Thumb Code     0  startup_msp432e401y_uvision.o(.text)
    I2C4_IRQHandler                          0x000002d7   Thumb Code     0  startup_msp432e401y_uvision.o(.text)
    I2C5_IRQHandler                          0x000002d7   Thumb Code     0  startup_msp432e401y_uvision.o(.text)
    I2C6_IRQHandler                          0x000002d7   Thumb Code     0  startup_msp432e401y_uvision.o(.text)
    I2C7_IRQHandler                          0x000002d7   Thumb Code     0  startup_msp432e401y_uvision.o(.text)
    I2C8_IRQHandler                          0x000002d7   Thumb Code     0  startup_msp432e401y_uvision.o(.text)
    I2C9_IRQHandler                          0x000002d7   Thumb Code     0  startup_msp432e401y_uvision.o(.text)
    PWM0_0_IRQHandler                        0x000002d7   Thumb Code     0  startup_msp432e401y_uvision.o(.text)
    PWM0_1_IRQHandler                        0x000002d7   Thumb Code     0  startup_msp432e401y_uvision.o(.text)
    PWM0_2_IRQHandler                        0x000002d7   Thumb Code     0  startup_msp432e401y_uvision.o(.text)
    PWM0_3_IRQHandler                        0x000002d7   Thumb Code     0  startup_msp432e401y_uvision.o(.text)
    PWM0_FAULT_IRQHandler                    0x000002d7   Thumb Code     0  startup_msp432e401y_uvision.o(.text)
    QEI0_IRQHandler                          0x000002d7   Thumb Code     0  startup_msp432e401y_uvision.o(.text)
    SHA0_IRQHandler                          0x000002d7   Thumb Code     0  startup_msp432e401y_uvision.o(.text)
    SSI0_IRQHandler                          0x000002d7   Thumb Code     0  startup_msp432e401y_uvision.o(.text)
    SSI1_IRQHandler                          0x000002d7   Thumb Code     0  startup_msp432e401y_uvision.o(.text)
    SSI2_IRQHandler                          0x000002d7   Thumb Code     0  startup_msp432e401y_uvision.o(.text)
    SSI3_IRQHandler                          0x000002d7   Thumb Code     0  startup_msp432e401y_uvision.o(.text)
    SYSCTL_IRQHandler                        0x000002d7   Thumb Code     0  startup_msp432e401y_uvision.o(.text)
    SYSEXC_IRQHandler                        0x000002d7   Thumb Code     0  startup_msp432e401y_uvision.o(.text)
    TAMPER0_IRQHandler                       0x000002d7   Thumb Code     0  startup_msp432e401y_uvision.o(.text)
    TIMER0A_IRQHandler                       0x000002d7   Thumb Code     0  startup_msp432e401y_uvision.o(.text)
    TIMER0B_IRQHandler                       0x000002d7   Thumb Code     0  startup_msp432e401y_uvision.o(.text)
    TIMER1A_IRQHandler                       0x000002d7   Thumb Code     0  startup_msp432e401y_uvision.o(.text)
    TIMER1B_IRQHandler                       0x000002d7   Thumb Code     0  startup_msp432e401y_uvision.o(.text)
    TIMER2A_IRQHandler                       0x000002d7   Thumb Code     0  startup_msp432e401y_uvision.o(.text)
    TIMER2B_IRQHandler                       0x000002d7   Thumb Code     0  startup_msp432e401y_uvision.o(.text)
    TIMER3A_IRQHandler                       0x000002d7   Thumb Code     0  startup_msp432e401y_uvision.o(.text)
    TIMER3B_IRQHandler                       0x000002d7   Thumb Code     0  startup_msp432e401y_uvision.o(.text)
    TIMER4A_IRQHandler                       0x000002d7   Thumb Code     0  startup_msp432e401y_uvision.o(.text)
    TIMER4B_IRQHandler                       0x000002d7   Thumb Code     0  startup_msp432e401y_uvision.o(.text)
    TIMER5A_IRQHandler                       0x000002d7   Thumb Code     0  startup_msp432e401y_uvision.o(.text)
    TIMER5B_IRQHandler                       0x000002d7   Thumb Code     0  startup_msp432e401y_uvision.o(.text)
    TIMER6A_IRQHandler                       0x000002d7   Thumb Code     0  startup_msp432e401y_uvision.o(.text)
    TIMER6B_IRQHandler                       0x000002d7   Thumb Code     0  startup_msp432e401y_uvision.o(.text)
    TIMER7A_IRQHandler                       0x000002d7   Thumb Code     0  startup_msp432e401y_uvision.o(.text)
    TIMER7B_IRQHandler                       0x000002d7   Thumb Code     0  startup_msp432e401y_uvision.o(.text)
    UART0_IRQHandler                         0x000002d7   Thumb Code     0  startup_msp432e401y_uvision.o(.text)
    UART1_IRQHandler                         0x000002d7   Thumb Code     0  startup_msp432e401y_uvision.o(.text)
    UART2_IRQHandler                         0x000002d7   Thumb Code     0  startup_msp432e401y_uvision.o(.text)
    UART3_IRQHandler                         0x000002d7   Thumb Code     0  startup_msp432e401y_uvision.o(.text)
    UART4_IRQHandler                         0x000002d7   Thumb Code     0  startup_msp432e401y_uvision.o(.text)
    UART5_IRQHandler                         0x000002d7   Thumb Code     0  startup_msp432e401y_uvision.o(.text)
    UART6_IRQHandler                         0x000002d7   Thumb Code     0  startup_msp432e401y_uvision.o(.text)
    UART7_IRQHandler                         0x000002d7   Thumb Code     0  startup_msp432e401y_uvision.o(.text)
    UDMAERR_IRQHandler                       0x000002d7   Thumb Code     0  startup_msp432e401y_uvision.o(.text)
    UDMA_IRQHandler                          0x000002d7   Thumb Code     0  startup_msp432e401y_uvision.o(.text)
    USB0_IRQHandler                          0x000002d7   Thumb Code     0  startup_msp432e401y_uvision.o(.text)
    WATCHDOG_IRQHandler                      0x000002d7   Thumb Code     0  startup_msp432e401y_uvision.o(.text)
    __user_initial_stackheap                 0x000002d9   Thumb Code    10  startup_msp432e401y_uvision.o(.text)
    __2sprintf                               0x000002f9   Thumb Code    34  noretval__2sprintf.o(.text)
    __printf                                 0x00000321   Thumb Code   104  __printf.o(.text)
    _printf_int_dec                          0x00000389   Thumb Code   104  _printf_dec.o(.text)
    __use_two_region_memory                  0x00000401   Thumb Code     2  heapauxi.o(.text)
    __rt_heap_escrow$2region                 0x00000403   Thumb Code     2  heapauxi.o(.text)
    __rt_heap_expand$2region                 0x00000405   Thumb Code     2  heapauxi.o(.text)
    _printf_int_common                       0x00000407   Thumb Code   178  _printf_intcommon.o(.text)
    __lib_sel_fp_printf                      0x000004b9   Thumb Code     2  _printf_fp_dec.o(.text)
    _printf_fp_dec_real                      0x0000066b   Thumb Code   620  _printf_fp_dec.o(.text)
    _printf_char_common                      0x000008e3   Thumb Code    32  _printf_char_common.o(.text)
    _sputc                                   0x00000909   Thumb Code    10  _sputc.o(.text)
    __rt_locale                              0x00000915   Thumb Code     8  rt_locale_intlibspace.o(.text)
    _ll_udiv10                               0x0000091d   Thumb Code   138  lludiv10.o(.text)
    _printf_fp_infnan                        0x000009a9   Thumb Code   112  _printf_fp_infnan.o(.text)
    _btod_etento                             0x00000a29   Thumb Code   224  bigflt0.o(.text)
    __user_libspace                          0x00000b0d   Thumb Code     8  libspace.o(.text)
    __user_perproc_libspace                  0x00000b0d   Thumb Code     0  libspace.o(.text)
    __user_perthread_libspace                0x00000b0d   Thumb Code     0  libspace.o(.text)
    __user_setup_stackheap                   0x00000b15   Thumb Code    74  sys_stackheap_outer.o(.text)
    exit                                     0x00000b5f   Thumb Code    18  exit.o(.text)
    strcmp                                   0x00000b71   Thumb Code   128  strcmpv7m.o(.text)
    _sys_exit                                0x00000bf1   Thumb Code     8  sys_exit.o(.text)
    __I$use$semihosting                      0x00000bfd   Thumb Code     0  use_no_semi.o(.text)
    __use_no_semihosting_swi                 0x00000bfd   Thumb Code     2  use_no_semi.o(.text)
    __semihosting_library_function           0x00000bff   Thumb Code     0  indicate_semi.o(.text)
    _btod_d2e                                0x00000bff   Thumb Code    62  btod.o(CL$$btod_d2e)
    _d2e_denorm_low                          0x00000c3d   Thumb Code    70  btod.o(CL$$btod_d2e_denorm_low)
    _d2e_norm_op1                            0x00000c83   Thumb Code    96  btod.o(CL$$btod_d2e_norm_op1)
    __btod_div_common                        0x00000ce3   Thumb Code   696  btod.o(CL$$btod_div_common)
    _e2e                                     0x0000101b   Thumb Code   220  btod.o(CL$$btod_e2e)
    _btod_ediv                               0x000010f7   Thumb Code    42  btod.o(CL$$btod_ediv)
    _btod_emul                               0x00001121   Thumb Code    42  btod.o(CL$$btod_emul)
    __btod_mult_common                       0x0000114b   Thumb Code   580  btod.o(CL$$btod_mult_common)
    FlashAllLEDs                             0x00001391   Thumb Code    78  onboardleds.o(i.FlashAllLEDs)
    FlashI2CError                            0x000013ed   Thumb Code    20  onboardleds.o(i.FlashI2CError)
    FlashI2CRx                               0x00001401   Thumb Code    10  onboardleds.o(i.FlashI2CRx)
    FlashI2CTx                               0x0000140b   Thumb Code    10  onboardleds.o(i.FlashI2CTx)
    FlashLED1                                0x00001415   Thumb Code    28  onboardleds.o(i.FlashLED1)
    FlashLED2                                0x00001431   Thumb Code    28  onboardleds.o(i.FlashLED2)
    FlashLED3                                0x0000144d   Thumb Code    58  onboardleds.o(i.FlashLED3)
    I2C_Init                                 0x00001491   Thumb Code   114  2dx_2022_studio_9_e2.o(i.I2C_Init)
    PLL_Init                                 0x0000151d   Thumb Code   272  pll.o(i.PLL_Init)
    PortH0H1H2H3_Init                        0x00001639   Thumb Code    38  2dx_2022_studio_9_e2.o(i.PortH0H1H2H3_Init)
    PortM0_Init                              0x00001671   Thumb Code    40  2dx_2022_studio_9_e2.o(i.PortM0_Init)
    Status_Check                             0x000016a9   Thumb Code    46  uart.o(i.Status_Check)
    SysTick_Init                             0x00001701   Thumb Code    24  systick.o(i.SysTick_Init)
    SysTick_Wait                             0x00001719   Thumb Code    32  systick.o(i.SysTick_Wait)
    SysTick_Wait10ms                         0x00001739   Thumb Code    22  systick.o(i.SysTick_Wait10ms)
    SystemInit                               0x00001755   Thumb Code    20  system_msp432e401y.o(i.SystemInit)
    UART_InChar                              0x00001775   Thumb Code    22  uart.o(i.UART_InChar)
    UART_Init                                0x00001791   Thumb Code   172  uart.o(i.UART_Init)
    UART_OutChar                             0x0000185d   Thumb Code    20  uart.o(i.UART_OutChar)
    UART_printf                              0x00001875   Thumb Code    24  uart.o(i.UART_printf)
    VL53L1X_BootState                        0x0000188d   Thumb Code    34  vl53l1x_api.o(i.VL53L1X_BootState)
    VL53L1X_CheckForDataReady                0x000018af   Thumb Code    62  vl53l1x_api.o(i.VL53L1X_CheckForDataReady)
    VL53L1X_ClearInterrupt                   0x000018ed   Thumb Code    22  vl53l1x_api.o(i.VL53L1X_ClearInterrupt)
    VL53L1X_GetDistance                      0x00001903   Thumb Code    30  vl53l1x_api.o(i.VL53L1X_GetDistance)
    VL53L1X_GetDistanceMode                  0x00001921   Thumb Code    48  vl53l1x_api.o(i.VL53L1X_GetDistanceMode)
    VL53L1X_GetInterruptPolarity             0x00001951   Thumb Code    50  vl53l1x_api.o(i.VL53L1X_GetInterruptPolarity)
    VL53L1X_GetSensorId                      0x00001983   Thumb Code    36  vl53l1x_api.o(i.VL53L1X_GetSensorId)
    VL53L1X_GetTimingBudgetInMs              0x000019a7   Thumb Code   174  vl53l1x_api.o(i.VL53L1X_GetTimingBudgetInMs)
    VL53L1X_SensorInit                       0x00001a55   Thumb Code   166  vl53l1x_api.o(i.VL53L1X_SensorInit)
    VL53L1X_SetDistanceMode                  0x00001b39   Thumb Code   214  vl53l1x_api.o(i.VL53L1X_SetDistanceMode)
    VL53L1X_SetTimingBudgetInMs              0x00001c0f   Thumb Code   434  vl53l1x_api.o(i.VL53L1X_SetTimingBudgetInMs)
    VL53L1X_StartRanging                     0x00001dc1   Thumb Code    22  vl53l1x_api.o(i.VL53L1X_StartRanging)
    VL53L1X_StopRanging                      0x00001dd7   Thumb Code    22  vl53l1x_api.o(i.VL53L1X_StopRanging)
    VL53L1_RdByte                            0x00001ded   Thumb Code    36  vl53l1_platform_2dx4.o(i.VL53L1_RdByte)
    VL53L1_RdWord                            0x00001e11   Thumb Code    56  vl53l1_platform_2dx4.o(i.VL53L1_RdWord)
    VL53L1_WaitMs                            0x00001e49   Thumb Code    26  vl53l1_platform_2dx4.o(i.VL53L1_WaitMs)
    VL53L1_WrByte                            0x00001e69   Thumb Code    30  vl53l1_platform_2dx4.o(i.VL53L1_WrByte)
    VL53L1_WrWord                            0x00001e87   Thumb Code    48  vl53l1_platform_2dx4.o(i.VL53L1_WrWord)
    __ARM_fpclassify                         0x00001eb7   Thumb Code    48  fpclassify.o(i.__ARM_fpclassify)
    beginRxI2C                               0x00001ee9   Thumb Code    26  vl53l1_platform_2dx4.o(i.beginRxI2C)
    beginTxI2C                               0x00001f09   Thumb Code    26  vl53l1_platform_2dx4.o(i.beginTxI2C)
    getValues                                0x00001f29   Thumb Code    96  2dx_2022_studio_9_e2.o(i.getValues)
    main                                     0x00001f89   Thumb Code   480  2dx_2022_studio_9_e2.o(i.main)
    onboardLEDs_Init                         0x000021ad   Thumb Code   172  onboardleds.o(i.onboardLEDs_Init)
    readI2C                                  0x00002271   Thumb Code    70  vl53l1_platform_2dx4.o(i.readI2C)
    writeI2C                                 0x000022bd   Thumb Code   154  vl53l1_platform_2dx4.o(i.writeI2C)
    writeRegisterIndex                       0x0000235d   Thumb Code   132  vl53l1_platform_2dx4.o(i.writeRegisterIndex)
    writeRegisterIndex_nostop                0x000023e5   Thumb Code   132  vl53l1_platform_2dx4.o(i.writeRegisterIndex_nostop)
    _get_lc_numeric                          0x0000246d   Thumb Code    44  lc_numeric_c.o(locale$$code)
    __aeabi_dadd                             0x00002499   Thumb Code     0  daddsub_clz.o(x$fpl$dadd)
    _dadd                                    0x00002499   Thumb Code   332  daddsub_clz.o(x$fpl$dadd)
    __aeabi_ui2d                             0x000025e9   Thumb Code     0  dflt_clz.o(x$fpl$dfltu)
    _dfltu                                   0x000025e9   Thumb Code    38  dflt_clz.o(x$fpl$dfltu)
    __fpl_dnaninf                            0x0000260f   Thumb Code   156  dnaninf.o(x$fpl$dnaninf)
    __fpl_dretinf                            0x000026ab   Thumb Code    12  dretinf.o(x$fpl$dretinf)
    __aeabi_dsub                             0x000026b9   Thumb Code     0  daddsub_clz.o(x$fpl$dsub)
    _dsub                                    0x000026b9   Thumb Code   464  daddsub_clz.o(x$fpl$dsub)
    _fp_init                                 0x0000288d   Thumb Code    10  fpinit.o(x$fpl$fpinit)
    __fplib_config_fpu_vfp                   0x00002895   Thumb Code     0  fpinit.o(x$fpl$fpinit)
    __fplib_config_pureend_doubles           0x00002895   Thumb Code     0  fpinit.o(x$fpl$fpinit)
    _printf_fp_dec                           0x00002897   Thumb Code     4  printf1.o(x$fpl$printf1)
    VL51L1X_DEFAULT_CONFIGURATION            0x0000289a   Data          91  vl53l1x_api.o(.constdata)
    __I$use$fp                               0x0000289a   Number         0  usenofp.o(x$fpl$usenofp)
    Region$$Table$$Base                      0x000029a4   Number         0  anon$$obj.o(Region$$Table)
    Region$$Table$$Limit                     0x000029c4   Number         0  anon$$obj.o(Region$$Table)
    dev                                      0x20000000   Data           2  2dx_2022_studio_9_e2.o(.data)
    status                                   0x20000004   Data           4  2dx_2022_studio_9_e2.o(.data)
    SystemCoreClock                          0x20000008   Data           4  system_msp432e401y.o(.data)
    __libspace_start                         0x2000080c   Data          96  libspace.o(.bss)
    __temporary_stack_top$libspace           0x2000086c   Data           0  libspace.o(.bss)



==============================================================================

Memory Map of the image

  Image Entry point : 0x000002bd

  Load Region LR_1 (Base: 0x00000000, Size: 0x000029ec, Max: 0xffffffff, ABSOLUTE)

    Execution Region ER_RO (Exec base: 0x00000000, Load base: 0x00000000, Size: 0x000029e0, Max: 0xffffffff, ABSOLUTE)

    Exec Addr    Load Addr    Size         Type   Attr      Idx    E Section Name        Object

    0x00000000   0x00000000   0x000001fc   Data   RO          612    RESET               startup_msp432e401y_uvision.o
    0x000001fc   0x000001fc   0x00000008   Code   RO          711  * !!!main             c_w.l(__main.o)
    0x00000204   0x00000204   0x00000034   Code   RO          953    !!!scatter          c_w.l(__scatter.o)
    0x00000238   0x00000238   0x0000001a   Code   RO          955    !!handler_copy      c_w.l(__scatter_copy.o)
    0x00000252   0x00000252   0x00000002   PAD
    0x00000254   0x00000254   0x0000001c   Code   RO          957    !!handler_zi        c_w.l(__scatter_zi.o)
    0x00000270   0x00000270   0x00000000   Code   RO          708    .ARM.Collect$$_printf_percent$$00000000  c_w.l(_printf_percent.o)
    0x00000270   0x00000270   0x00000006   Code   RO          707    .ARM.Collect$$_printf_percent$$00000003  c_w.l(_printf_f.o)
    0x00000276   0x00000276   0x00000006   Code   RO          706    .ARM.Collect$$_printf_percent$$00000009  c_w.l(_printf_d.o)
    0x0000027c   0x0000027c   0x00000004   Code   RO          746    .ARM.Collect$$_printf_percent$$00000017  c_w.l(_printf_percent_end.o)
    0x00000280   0x00000280   0x00000002   Code   RO          824    .ARM.Collect$$libinit$$00000000  c_w.l(libinit.o)
    0x00000282   0x00000282   0x00000004   Code   RO          825    .ARM.Collect$$libinit$$00000001  c_w.l(libinit2.o)
    0x00000286   0x00000286   0x00000000   Code   RO          828    .ARM.Collect$$libinit$$00000004  c_w.l(libinit2.o)
    0x00000286   0x00000286   0x00000000   Code   RO          831    .ARM.Collect$$libinit$$0000000A  c_w.l(libinit2.o)
    0x00000286   0x00000286   0x00000000   Code   RO          833    .ARM.Collect$$libinit$$0000000C  c_w.l(libinit2.o)
    0x00000286   0x00000286   0x00000000   Code   RO          835    .ARM.Collect$$libinit$$0000000E  c_w.l(libinit2.o)
    0x00000286   0x00000286   0x00000006   Code   RO          836    .ARM.Collect$$libinit$$0000000F  c_w.l(libinit2.o)
    0x0000028c   0x0000028c   0x00000000   Code   RO          838    .ARM.Collect$$libinit$$00000011  c_w.l(libinit2.o)
    0x0000028c   0x0000028c   0x00000000   Code   RO          840    .ARM.Collect$$libinit$$00000013  c_w.l(libinit2.o)
    0x0000028c   0x0000028c   0x00000000   Code   RO          842    .ARM.Collect$$libinit$$00000015  c_w.l(libinit2.o)
    0x0000028c   0x0000028c   0x0000000a   Code   RO          843    .ARM.Collect$$libinit$$00000016  c_w.l(libinit2.o)
    0x00000296   0x00000296   0x00000000   Code   RO          844    .ARM.Collect$$libinit$$00000017  c_w.l(libinit2.o)
    0x00000296   0x00000296   0x00000000   Code   RO          846    .ARM.Collect$$libinit$$00000019  c_w.l(libinit2.o)
    0x00000296   0x00000296   0x00000000   Code   RO          848    .ARM.Collect$$libinit$$0000001B  c_w.l(libinit2.o)
    0x00000296   0x00000296   0x00000000   Code   RO          850    .ARM.Collect$$libinit$$0000001D  c_w.l(libinit2.o)
    0x00000296   0x00000296   0x00000000   Code   RO          852    .ARM.Collect$$libinit$$0000001F  c_w.l(libinit2.o)
    0x00000296   0x00000296   0x00000000   Code   RO          854    .ARM.Collect$$libinit$$00000021  c_w.l(libinit2.o)
    0x00000296   0x00000296   0x00000000   Code   RO          856    .ARM.Collect$$libinit$$00000023  c_w.l(libinit2.o)
    0x00000296   0x00000296   0x00000000   Code   RO          858    .ARM.Collect$$libinit$$00000025  c_w.l(libinit2.o)
    0x00000296   0x00000296   0x00000000   Code   RO          862    .ARM.Collect$$libinit$$0000002C  c_w.l(libinit2.o)
    0x00000296   0x00000296   0x00000000   Code   RO          864    .ARM.Collect$$libinit$$0000002E  c_w.l(libinit2.o)
    0x00000296   0x00000296   0x00000000   Code   RO          866    .ARM.Collect$$libinit$$00000030  c_w.l(libinit2.o)
    0x00000296   0x00000296   0x00000000   Code   RO          868    .ARM.Collect$$libinit$$00000032  c_w.l(libinit2.o)
    0x00000296   0x00000296   0x00000002   Code   RO          869    .ARM.Collect$$libinit$$00000033  c_w.l(libinit2.o)
    0x00000298   0x00000298   0x00000002   Code   RO          899    .ARM.Collect$$libshutdown$$00000000  c_w.l(libshutdown.o)
    0x0000029a   0x0000029a   0x00000000   Code   RO          910    .ARM.Collect$$libshutdown$$00000002  c_w.l(libshutdown2.o)
    0x0000029a   0x0000029a   0x00000000   Code   RO          912    .ARM.Collect$$libshutdown$$00000004  c_w.l(libshutdown2.o)
    0x0000029a   0x0000029a   0x00000000   Code   RO          914    .ARM.Collect$$libshutdown$$00000006  c_w.l(libshutdown2.o)
    0x0000029a   0x0000029a   0x00000000   Code   RO          917    .ARM.Collect$$libshutdown$$00000009  c_w.l(libshutdown2.o)
    0x0000029a   0x0000029a   0x00000000   Code   RO          920    .ARM.Collect$$libshutdown$$0000000C  c_w.l(libshutdown2.o)
    0x0000029a   0x0000029a   0x00000000   Code   RO          922    .ARM.Collect$$libshutdown$$0000000E  c_w.l(libshutdown2.o)
    0x0000029a   0x0000029a   0x00000000   Code   RO          925    .ARM.Collect$$libshutdown$$00000011  c_w.l(libshutdown2.o)
    0x0000029a   0x0000029a   0x00000002   Code   RO          926    .ARM.Collect$$libshutdown$$00000012  c_w.l(libshutdown2.o)
    0x0000029c   0x0000029c   0x00000000   Code   RO          737    .ARM.Collect$$rtentry$$00000000  c_w.l(__rtentry.o)
    0x0000029c   0x0000029c   0x00000000   Code   RO          753    .ARM.Collect$$rtentry$$00000002  c_w.l(__rtentry2.o)
    0x0000029c   0x0000029c   0x00000006   Code   RO          765    .ARM.Collect$$rtentry$$00000004  c_w.l(__rtentry4.o)
    0x000002a2   0x000002a2   0x00000000   Code   RO          755    .ARM.Collect$$rtentry$$00000009  c_w.l(__rtentry2.o)
    0x000002a2   0x000002a2   0x00000004   Code   RO          756    .ARM.Collect$$rtentry$$0000000A  c_w.l(__rtentry2.o)
    0x000002a6   0x000002a6   0x00000000   Code   RO          758    .ARM.Collect$$rtentry$$0000000C  c_w.l(__rtentry2.o)
    0x000002a6   0x000002a6   0x00000008   Code   RO          759    .ARM.Collect$$rtentry$$0000000D  c_w.l(__rtentry2.o)
    0x000002ae   0x000002ae   0x00000002   Code   RO          870    .ARM.Collect$$rtexit$$00000000  c_w.l(rtexit.o)
    0x000002b0   0x000002b0   0x00000000   Code   RO          877    .ARM.Collect$$rtexit$$00000002  c_w.l(rtexit2.o)
    0x000002b0   0x000002b0   0x00000004   Code   RO          878    .ARM.Collect$$rtexit$$00000003  c_w.l(rtexit2.o)
    0x000002b4   0x000002b4   0x00000006   Code   RO          879    .ARM.Collect$$rtexit$$00000004  c_w.l(rtexit2.o)
    0x000002ba   0x000002ba   0x00000002   PAD
    0x000002bc   0x000002bc   0x0000003c   Code   RO          613  * .text               startup_msp432e401y_uvision.o
    0x000002f8   0x000002f8   0x00000028   Code   RO          680    .text               c_w.l(noretval__2sprintf.o)
    0x00000320   0x00000320   0x00000068   Code   RO          682    .text               c_w.l(__printf.o)
    0x00000388   0x00000388   0x00000078   Code   RO          684    .text               c_w.l(_printf_dec.o)
    0x00000400   0x00000400   0x00000006   Code   RO          709    .text               c_w.l(heapauxi.o)
    0x00000406   0x00000406   0x000000b2   Code   RO          738    .text               c_w.l(_printf_intcommon.o)
    0x000004b8   0x000004b8   0x0000041e   Code   RO          740    .text               c_w.l(_printf_fp_dec.o)
    0x000008d6   0x000008d6   0x00000002   PAD
    0x000008d8   0x000008d8   0x00000030   Code   RO          742    .text               c_w.l(_printf_char_common.o)
    0x00000908   0x00000908   0x0000000a   Code   RO          744    .text               c_w.l(_sputc.o)
    0x00000912   0x00000912   0x00000002   PAD
    0x00000914   0x00000914   0x00000008   Code   RO          770    .text               c_w.l(rt_locale_intlibspace.o)
    0x0000091c   0x0000091c   0x0000008a   Code   RO          772    .text               c_w.l(lludiv10.o)
    0x000009a6   0x000009a6   0x00000002   PAD
    0x000009a8   0x000009a8   0x00000080   Code   RO          774    .text               c_w.l(_printf_fp_infnan.o)
    0x00000a28   0x00000a28   0x000000e4   Code   RO          778    .text               c_w.l(bigflt0.o)
    0x00000b0c   0x00000b0c   0x00000008   Code   RO          810    .text               c_w.l(libspace.o)
    0x00000b14   0x00000b14   0x0000004a   Code   RO          813    .text               c_w.l(sys_stackheap_outer.o)
    0x00000b5e   0x00000b5e   0x00000012   Code   RO          815    .text               c_w.l(exit.o)
    0x00000b70   0x00000b70   0x00000080   Code   RO          817    .text               c_w.l(strcmpv7m.o)
    0x00000bf0   0x00000bf0   0x0000000c   Code   RO          889    .text               c_w.l(sys_exit.o)
    0x00000bfc   0x00000bfc   0x00000002   Code   RO          900    .text               c_w.l(use_no_semi.o)
    0x00000bfe   0x00000bfe   0x00000000   Code   RO          902    .text               c_w.l(indicate_semi.o)
    0x00000bfe   0x00000bfe   0x0000003e   Code   RO          781    CL$$btod_d2e        c_w.l(btod.o)
    0x00000c3c   0x00000c3c   0x00000046   Code   RO          783    CL$$btod_d2e_denorm_low  c_w.l(btod.o)
    0x00000c82   0x00000c82   0x00000060   Code   RO          782    CL$$btod_d2e_norm_op1  c_w.l(btod.o)
    0x00000ce2   0x00000ce2   0x00000338   Code   RO          791    CL$$btod_div_common  c_w.l(btod.o)
    0x0000101a   0x0000101a   0x000000dc   Code   RO          788    CL$$btod_e2e        c_w.l(btod.o)
    0x000010f6   0x000010f6   0x0000002a   Code   RO          785    CL$$btod_ediv       c_w.l(btod.o)
    0x00001120   0x00001120   0x0000002a   Code   RO          784    CL$$btod_emul       c_w.l(btod.o)
    0x0000114a   0x0000114a   0x00000244   Code   RO          790    CL$$btod_mult_common  c_w.l(btod.o)
    0x0000138e   0x0000138e   0x00000002   PAD
    0x00001390   0x00001390   0x0000005c   Code   RO            1    i.FlashAllLEDs      onboardleds.o
    0x000013ec   0x000013ec   0x00000014   Code   RO            2    i.FlashI2CError     onboardleds.o
    0x00001400   0x00001400   0x0000000a   Code   RO            3    i.FlashI2CRx        onboardleds.o
    0x0000140a   0x0000140a   0x0000000a   Code   RO            4    i.FlashI2CTx        onboardleds.o
    0x00001414   0x00001414   0x0000001c   Code   RO            5    i.FlashLED1         onboardleds.o
    0x00001430   0x00001430   0x0000001c   Code   RO            6    i.FlashLED2         onboardleds.o
    0x0000144c   0x0000144c   0x00000044   Code   RO            7    i.FlashLED3         onboardleds.o
    0x00001490   0x00001490   0x0000008c   Code   RO          151    i.I2C_Init          2dx_2022_studio_9_e2.o
    0x0000151c   0x0000151c   0x0000011c   Code   RO           69    i.PLL_Init          pll.o
    0x00001638   0x00001638   0x00000038   Code   RO          153    i.PortH0H1H2H3_Init  2dx_2022_studio_9_e2.o
    0x00001670   0x00001670   0x00000038   Code   RO          154    i.PortM0_Init       2dx_2022_studio_9_e2.o
    0x000016a8   0x000016a8   0x00000058   Code   RO          108    i.Status_Check      uart.o
    0x00001700   0x00001700   0x00000018   Code   RO           84    i.SysTick_Init      systick.o
    0x00001718   0x00001718   0x00000020   Code   RO           85    i.SysTick_Wait      systick.o
    0x00001738   0x00001738   0x0000001c   Code   RO           86    i.SysTick_Wait10ms  systick.o
    0x00001754   0x00001754   0x00000020   Code   RO          622    i.SystemInit        system_msp432e401y.o
    0x00001774   0x00001774   0x0000001c   Code   RO          109    i.UART_InChar       uart.o
    0x00001790   0x00001790   0x000000cc   Code   RO          110    i.UART_Init         uart.o
    0x0000185c   0x0000185c   0x00000018   Code   RO          111    i.UART_OutChar      uart.o
    0x00001874   0x00001874   0x00000018   Code   RO          112    i.UART_printf       uart.o
    0x0000188c   0x0000188c   0x00000022   Code   RO          341    i.VL53L1X_BootState  vl53l1x_api.o
    0x000018ae   0x000018ae   0x0000003e   Code   RO          342    i.VL53L1X_CheckForDataReady  vl53l1x_api.o
    0x000018ec   0x000018ec   0x00000016   Code   RO          343    i.VL53L1X_ClearInterrupt  vl53l1x_api.o
    0x00001902   0x00001902   0x0000001e   Code   RO          346    i.VL53L1X_GetDistance  vl53l1x_api.o
    0x00001920   0x00001920   0x00000030   Code   RO          347    i.VL53L1X_GetDistanceMode  vl53l1x_api.o
    0x00001950   0x00001950   0x00000032   Code   RO          352    i.VL53L1X_GetInterruptPolarity  vl53l1x_api.o
    0x00001982   0x00001982   0x00000024   Code   RO          359    i.VL53L1X_GetSensorId  vl53l1x_api.o
    0x000019a6   0x000019a6   0x000000ae   Code   RO          365    i.VL53L1X_GetTimingBudgetInMs  vl53l1x_api.o
    0x00001a54   0x00001a54   0x000000e4   Code   RO          367    i.VL53L1X_SensorInit  vl53l1x_api.o
    0x00001b38   0x00001b38   0x000000d6   Code   RO          368    i.VL53L1X_SetDistanceMode  vl53l1x_api.o
    0x00001c0e   0x00001c0e   0x000001b2   Code   RO          378    i.VL53L1X_SetTimingBudgetInMs  vl53l1x_api.o
    0x00001dc0   0x00001dc0   0x00000016   Code   RO          380    i.VL53L1X_StartRanging  vl53l1x_api.o
    0x00001dd6   0x00001dd6   0x00000016   Code   RO          382    i.VL53L1X_StopRanging  vl53l1x_api.o
    0x00001dec   0x00001dec   0x00000024   Code   RO          225    i.VL53L1_RdByte     vl53l1_platform_2dx4.o
    0x00001e10   0x00001e10   0x00000038   Code   RO          227    i.VL53L1_RdWord     vl53l1_platform_2dx4.o
    0x00001e48   0x00001e48   0x00000020   Code   RO          229    i.VL53L1_WaitMs     vl53l1_platform_2dx4.o
    0x00001e68   0x00001e68   0x0000001e   Code   RO          230    i.VL53L1_WrByte     vl53l1_platform_2dx4.o
    0x00001e86   0x00001e86   0x00000030   Code   RO          232    i.VL53L1_WrWord     vl53l1_platform_2dx4.o
    0x00001eb6   0x00001eb6   0x00000030   Code   RO          808    i.__ARM_fpclassify  m_wm.l(fpclassify.o)
    0x00001ee6   0x00001ee6   0x00000002   PAD
    0x00001ee8   0x00001ee8   0x00000020   Code   RO          234    i.beginRxI2C        vl53l1_platform_2dx4.o
    0x00001f08   0x00001f08   0x00000020   Code   RO          235    i.beginTxI2C        vl53l1_platform_2dx4.o
    0x00001f28   0x00001f28   0x00000060   Code   RO          156    i.getValues         2dx_2022_studio_9_e2.o
    0x00001f88   0x00001f88   0x00000224   Code   RO          157    i.main              2dx_2022_studio_9_e2.o
    0x000021ac   0x000021ac   0x000000c4   Code   RO            9    i.onboardLEDs_Init  onboardleds.o
    0x00002270   0x00002270   0x0000004c   Code   RO          236    i.readI2C           vl53l1_platform_2dx4.o
    0x000022bc   0x000022bc   0x000000a0   Code   RO          237    i.writeI2C          vl53l1_platform_2dx4.o
    0x0000235c   0x0000235c   0x00000088   Code   RO          238    i.writeRegisterIndex  vl53l1_platform_2dx4.o
    0x000023e4   0x000023e4   0x00000088   Code   RO          239    i.writeRegisterIndex_nostop  vl53l1_platform_2dx4.o
    0x0000246c   0x0000246c   0x0000002c   Code   RO          804    locale$$code        c_w.l(lc_numeric_c.o)
    0x00002498   0x00002498   0x00000150   Code   RO          713    x$fpl$dadd          fz_wm.l(daddsub_clz.o)
    0x000025e8   0x000025e8   0x00000026   Code   RO          727    x$fpl$dfltu         fz_wm.l(dflt_clz.o)
    0x0000260e   0x0000260e   0x0000009c   Code   RO          747    x$fpl$dnaninf       fz_wm.l(dnaninf.o)
    0x000026aa   0x000026aa   0x0000000c   Code   RO          749    x$fpl$dretinf       fz_wm.l(dretinf.o)
    0x000026b6   0x000026b6   0x00000002   PAD
    0x000026b8   0x000026b8   0x000001d4   Code   RO          715    x$fpl$dsub          fz_wm.l(daddsub_clz.o)
    0x0000288c   0x0000288c   0x0000000a   Code   RO          874    x$fpl$fpinit        fz_wm.l(fpinit.o)
    0x00002896   0x00002896   0x00000004   Code   RO          735    x$fpl$printf1       fz_wm.l(printf1.o)
    0x0000289a   0x0000289a   0x00000000   Code   RO          751    x$fpl$usenofp       fz_wm.l(usenofp.o)
    0x0000289a   0x0000289a   0x00000073   Data   RO          384    .constdata          vl53l1x_api.o
    0x0000290d   0x0000290d   0x00000003   PAD
    0x00002910   0x00002910   0x00000094   Data   RO          779    .constdata          c_w.l(bigflt0.o)
    0x000029a4   0x000029a4   0x00000020   Data   RO          951    Region$$Table       anon$$obj.o
    0x000029c4   0x000029c4   0x0000001c   Data   RO          803    locale$$data        c_w.l(lc_numeric_c.o)


    Execution Region ER_RW (Exec base: 0x20000000, Load base: 0x000029e0, Size: 0x0000000c, Max: 0xffffffff, ABSOLUTE)

    Exec Addr    Load Addr    Size         Type   Attr      Idx    E Section Name        Object

    0x20000000   0x000029e0   0x00000008   Data   RW          159    .data               2dx_2022_studio_9_e2.o
    0x20000008   0x000029e8   0x00000004   Data   RW          623    .data               system_msp432e401y.o


    Execution Region ER_ZI (Exec base: 0x2000000c, Load base: 0x000029ec, Size: 0x00000a64, Max: 0xffffffff, ABSOLUTE)

    Exec Addr    Load Addr    Size         Type   Attr      Idx    E Section Name        Object

    0x2000000c        -       0x000003ff   Zero   RW          113    .bss                uart.o
    0x2000040b        -       0x000003ff   Zero   RW          158    .bss                2dx_2022_studio_9_e2.o
    0x2000080a   0x000029ec   0x00000002   PAD
    0x2000080c        -       0x00000060   Zero   RW          811    .bss                c_w.l(libspace.o)
    0x2000086c   0x000029ec   0x00000004   PAD
    0x20000870        -       0x00000000   Zero   RW          611    HEAP                startup_msp432e401y_uvision.o
    0x20000870        -       0x00000200   Zero   RW          610    STACK               startup_msp432e401y_uvision.o


==============================================================================

Image component sizes


      Code (inc. data)   RO Data    RW Data    ZI Data      Debug   Object Name

       896        128          0          8       1023       4161   2dx_2022_studio_9_e2.o
       452         48          0          0          0       9120   onboardleds.o
       284         12          0          0          0        607   pll.o
        60         22        508          0        512       1020   startup_msp432e401y_uvision.o
        32         12          0          4          0        875   system_msp432e401y.o
        84          6          0          0          0       2521   systick.o
       368         84          0          0       1023       3298   uart.o
       774         38          0          0          0       8652   vl53l1_platform_2dx4.o
      1376         62        115          0          0      12958   vl53l1x_api.o

    ----------------------------------------------------------------------
      4326        412        658         12       2560      43212   Object Totals
         0          0         32          0          0          0   (incl. Generated)
         0          0          3          0          2          0   (incl. Padding)

    ----------------------------------------------------------------------

      Code (inc. data)   RO Data    RW Data    ZI Data      Debug   Library Member Name

         8          0          0          0          0         68   __main.o
       104          0          0          0          0         84   __printf.o
         0          0          0          0          0          0   __rtentry.o
        12          0          0          0          0          0   __rtentry2.o
         6          0          0          0          0          0   __rtentry4.o
        52          8          0          0          0          0   __scatter.o
        26          0          0          0          0          0   __scatter_copy.o
        28          0          0          0          0          0   __scatter_zi.o
        48          6          0          0          0         96   _printf_char_common.o
         6          0          0          0          0          0   _printf_d.o
       120         16          0          0          0         92   _printf_dec.o
         6          0          0          0          0          0   _printf_f.o
      1054          0          0          0          0        216   _printf_fp_dec.o
       128         16          0          0          0         84   _printf_fp_infnan.o
       178          0          0          0          0         88   _printf_intcommon.o
         0          0          0          0          0          0   _printf_percent.o
         4          0          0          0          0          0   _printf_percent_end.o
        10          0          0          0          0         68   _sputc.o
       228          4        148          0          0         96   bigflt0.o
      1936        128          0          0          0        672   btod.o
        18          0          0          0          0         80   exit.o
         6          0          0          0          0        152   heapauxi.o
         0          0          0          0          0          0   indicate_semi.o
        44         10         28          0          0         76   lc_numeric_c.o
         2          0          0          0          0          0   libinit.o
        22          0          0          0          0          0   libinit2.o
         2          0          0          0          0          0   libshutdown.o
         2          0          0          0          0          0   libshutdown2.o
         8          4          0          0         96         68   libspace.o
       138          0          0          0          0         80   lludiv10.o
        40          6          0          0          0         84   noretval__2sprintf.o
         8          4          0          0          0         68   rt_locale_intlibspace.o
         2          0          0          0          0          0   rtexit.o
        10          0          0          0          0          0   rtexit2.o
       128          0          0          0          0         68   strcmpv7m.o
        12          4          0          0          0         68   sys_exit.o
        74          0          0          0          0         80   sys_stackheap_outer.o
         2          0          0          0          0         68   use_no_semi.o
       804         16          0          0          0        368   daddsub_clz.o
        38          0          0          0          0        116   dflt_clz.o
       156          4          0          0          0        140   dnaninf.o
        12          0          0          0          0        116   dretinf.o
        10          0          0          0          0        116   fpinit.o
         4          0          0          0          0        116   printf1.o
         0          0          0          0          0          0   usenofp.o
        48          0          0          0          0        124   fpclassify.o

    ----------------------------------------------------------------------
      5560        226        176          0        100       3552   Library Totals
        16          0          0          0          4          0   (incl. Padding)

    ----------------------------------------------------------------------

      Code (inc. data)   RO Data    RW Data    ZI Data      Debug   Library Name

      4472        206        176          0         96       2456   c_w.l
      1024         20          0          0          0        972   fz_wm.l
        48          0          0          0          0        124   m_wm.l

    ----------------------------------------------------------------------
      5560        226        176          0        100       3552   Library Totals

    ----------------------------------------------------------------------

==============================================================================


      Code (inc. data)   RO Data    RW Data    ZI Data      Debug   

      9886        638        834         12       2660      40564   Grand Totals
      9886        638        834         12       2660      40564   ELF Image Totals
      9886        638        834         12          0          0   ROM Totals

==============================================================================

    Total RO  Size (Code + RO Data)                10720 (  10.47kB)
    Total RW  Size (RW Data + ZI Data)              2672 (   2.61kB)
    Total ROM Size (Code + RO Data + RW Data)      10732 (  10.48kB)

==============================================================================

